[2025-02-19T19:36:25.673+0900][info][gc] Using G1
[2025-02-19T19:36:25.674+0900][info][gc,init] Version: 17.0.10+7 (release)
[2025-02-19T19:36:25.674+0900][info][gc,init] CPUs: 10 total, 10 available
[2025-02-19T19:36:25.674+0900][info][gc,init] Memory: 32768M
[2025-02-19T19:36:25.674+0900][info][gc,init] Large Page Support: Disabled
[2025-02-19T19:36:25.674+0900][info][gc,init] NUMA Support: Disabled
[2025-02-19T19:36:25.674+0900][info][gc,init] Compressed Oops: Enabled (Zero based)
[2025-02-19T19:36:25.674+0900][info][gc,init] Heap Region Size: 1M
[2025-02-19T19:36:25.674+0900][info][gc,init] Heap Min Capacity: 16M
[2025-02-19T19:36:25.674+0900][info][gc,init] Heap Initial Capacity: 16M
[2025-02-19T19:36:25.674+0900][info][gc,init] Heap Max Capacity: 56M
[2025-02-19T19:36:25.674+0900][info][gc,init] Pre-touch: Disabled
[2025-02-19T19:36:25.674+0900][info][gc,init] Parallel Workers: 9
[2025-02-19T19:36:25.674+0900][info][gc,init] Concurrent Workers: 2
[2025-02-19T19:36:25.674+0900][info][gc,init] Concurrent Refinement Workers: 9
[2025-02-19T19:36:25.674+0900][info][gc,init] Periodic GC: Disabled
[2025-02-19T19:36:25.674+0900][info][gc,metaspace] CDS archive(s) not mapped
[2025-02-19T19:36:25.674+0900][info][gc,metaspace] Compressed class space mapped at: 0x0000000800000000-0x0000000840000000, reserved size: 1073741824
[2025-02-19T19:36:25.674+0900][info][gc,metaspace] Narrow klass base: 0x0000000800000000, Narrow klass shift: 0, Narrow klass range: 0x40000000
[2025-02-19T19:36:29.193+0900][info][gc,start    ] GC(0) Pause Young (Normal) (G1 Evacuation Pause)
[2025-02-19T19:36:29.193+0900][info][gc,task     ] GC(0) Using 2 workers of 9 for evacuation
[2025-02-19T19:36:29.196+0900][info][gc,phases   ] GC(0)   Pre Evacuate Collection Set: 0.0ms
[2025-02-19T19:36:29.196+0900][info][gc,phases   ] GC(0)   Merge Heap Roots: 0.0ms
[2025-02-19T19:36:29.196+0900][info][gc,phases   ] GC(0)   Evacuate Collection Set: 2.5ms
[2025-02-19T19:36:29.196+0900][info][gc,phases   ] GC(0)   Post Evacuate Collection Set: 0.3ms
[2025-02-19T19:36:29.196+0900][info][gc,phases   ] GC(0)   Other: 0.2ms
[2025-02-19T19:36:29.196+0900][info][gc,heap     ] GC(0) Eden regions: 6->0(2)
[2025-02-19T19:36:29.196+0900][info][gc,heap     ] GC(0) Survivor regions: 0->1(1)
[2025-02-19T19:36:29.196+0900][info][gc,heap     ] GC(0) Old regions: 0->4
[2025-02-19T19:36:29.196+0900][info][gc,heap     ] GC(0) Archive regions: 0->0
[2025-02-19T19:36:29.196+0900][info][gc,heap     ] GC(0) Humongous regions: 0->0
[2025-02-19T19:36:29.196+0900][info][gc,metaspace] GC(0) Metaspace: 8051K(8192K)->8051K(8192K) NonClass: 7350K(7424K)->7350K(7424K) Class: 701K(768K)->701K(768K)
[2025-02-19T19:36:29.196+0900][info][gc          ] GC(0) Pause Young (Normal) (G1 Evacuation Pause) 6M->4M(16M) 3.056ms
[2025-02-19T19:36:29.196+0900][info][gc,cpu      ] GC(0) User=0.00s Sys=0.00s Real=0.00s
[2025-02-19T19:36:29.542+0900][info][gc,start    ] GC(1) Pause Young (Normal) (G1 Evacuation Pause)
[2025-02-19T19:36:29.542+0900][info][gc,task     ] GC(1) Using 2 workers of 9 for evacuation
[2025-02-19T19:36:29.544+0900][info][gc,phases   ] GC(1)   Pre Evacuate Collection Set: 0.0ms
[2025-02-19T19:36:29.544+0900][info][gc,phases   ] GC(1)   Merge Heap Roots: 0.0ms
[2025-02-19T19:36:29.544+0900][info][gc,phases   ] GC(1)   Evacuate Collection Set: 2.2ms
[2025-02-19T19:36:29.544+0900][info][gc,phases   ] GC(1)   Post Evacuate Collection Set: 0.1ms
[2025-02-19T19:36:29.544+0900][info][gc,phases   ] GC(1)   Other: 0.1ms
[2025-02-19T19:36:29.544+0900][info][gc,heap     ] GC(1) Eden regions: 2->0(1)
[2025-02-19T19:36:29.544+0900][info][gc,heap     ] GC(1) Survivor regions: 1->1(1)
[2025-02-19T19:36:29.544+0900][info][gc,heap     ] GC(1) Old regions: 4->6
[2025-02-19T19:36:29.544+0900][info][gc,heap     ] GC(1) Archive regions: 0->0
[2025-02-19T19:36:29.544+0900][info][gc,heap     ] GC(1) Humongous regions: 0->0
[2025-02-19T19:36:29.544+0900][info][gc,metaspace] GC(1) Metaspace: 8062K(8192K)->8062K(8192K) NonClass: 7361K(7424K)->7361K(7424K) Class: 701K(768K)->701K(768K)
[2025-02-19T19:36:29.544+0900][info][gc          ] GC(1) Pause Young (Normal) (G1 Evacuation Pause) 6M->6M(16M) 2.548ms
[2025-02-19T19:36:29.544+0900][info][gc,cpu      ] GC(1) User=0.00s Sys=0.00s Real=0.00s
[2025-02-19T19:36:29.746+0900][info][gc,start    ] GC(2) Pause Young (Normal) (G1 Evacuation Pause)
[2025-02-19T19:36:29.746+0900][info][gc,task     ] GC(2) Using 2 workers of 9 for evacuation
[2025-02-19T19:36:29.747+0900][info][gc,phases   ] GC(2)   Pre Evacuate Collection Set: 0.0ms
[2025-02-19T19:36:29.747+0900][info][gc,phases   ] GC(2)   Merge Heap Roots: 0.0ms
[2025-02-19T19:36:29.747+0900][info][gc,phases   ] GC(2)   Evacuate Collection Set: 1.3ms
[2025-02-19T19:36:29.747+0900][info][gc,phases   ] GC(2)   Post Evacuate Collection Set: 0.1ms
[2025-02-19T19:36:29.747+0900][info][gc,phases   ] GC(2)   Other: 0.1ms
[2025-02-19T19:36:29.747+0900][info][gc,heap     ] GC(2) Eden regions: 1->0(1)
[2025-02-19T19:36:29.747+0900][info][gc,heap     ] GC(2) Survivor regions: 1->1(1)
[2025-02-19T19:36:29.747+0900][info][gc,heap     ] GC(2) Old regions: 6->7
[2025-02-19T19:36:29.747+0900][info][gc,heap     ] GC(2) Archive regions: 0->0
[2025-02-19T19:36:29.747+0900][info][gc,heap     ] GC(2) Humongous regions: 0->0
[2025-02-19T19:36:29.747+0900][info][gc,metaspace] GC(2) Metaspace: 8063K(8192K)->8063K(8192K) NonClass: 7362K(7424K)->7362K(7424K) Class: 701K(768K)->701K(768K)
[2025-02-19T19:36:29.747+0900][info][gc          ] GC(2) Pause Young (Normal) (G1 Evacuation Pause) 7M->7M(16M) 1.605ms
[2025-02-19T19:36:29.747+0900][info][gc,cpu      ] GC(2) User=0.00s Sys=0.00s Real=0.00s
[2025-02-19T19:36:29.870+0900][info][gc,start    ] GC(3) Pause Young (Concurrent Start) (G1 Humongous Allocation)
[2025-02-19T19:36:29.870+0900][info][gc,task     ] GC(3) Using 2 workers of 9 for evacuation
[2025-02-19T19:36:29.871+0900][info][gc,phases   ] GC(3)   Pre Evacuate Collection Set: 0.0ms
[2025-02-19T19:36:29.871+0900][info][gc,phases   ] GC(3)   Merge Heap Roots: 0.0ms
[2025-02-19T19:36:29.871+0900][info][gc,phases   ] GC(3)   Evacuate Collection Set: 0.9ms
[2025-02-19T19:36:29.871+0900][info][gc,phases   ] GC(3)   Post Evacuate Collection Set: 0.0ms
[2025-02-19T19:36:29.871+0900][info][gc,phases   ] GC(3)   Other: 0.1ms
[2025-02-19T19:36:29.871+0900][info][gc,heap     ] GC(3) Eden regions: 1->0(1)
[2025-02-19T19:36:29.871+0900][info][gc,heap     ] GC(3) Survivor regions: 1->1(1)
[2025-02-19T19:36:29.871+0900][info][gc,heap     ] GC(3) Old regions: 7->8
[2025-02-19T19:36:29.871+0900][info][gc,heap     ] GC(3) Archive regions: 0->0
[2025-02-19T19:36:29.871+0900][info][gc,heap     ] GC(3) Humongous regions: 0->0
[2025-02-19T19:36:29.871+0900][info][gc,metaspace] GC(3) Metaspace: 8063K(8192K)->8063K(8192K) NonClass: 7362K(7424K)->7362K(7424K) Class: 701K(768K)->701K(768K)
[2025-02-19T19:36:29.871+0900][info][gc          ] GC(3) Pause Young (Concurrent Start) (G1 Humongous Allocation) 8M->8M(16M) 1.114ms
[2025-02-19T19:36:29.871+0900][info][gc,cpu      ] GC(3) User=0.01s Sys=0.00s Real=0.00s
[2025-02-19T19:36:29.871+0900][info][gc          ] GC(4) Concurrent Mark Cycle
[2025-02-19T19:36:29.871+0900][info][gc,marking  ] GC(4) Concurrent Clear Claimed Marks
[2025-02-19T19:36:29.871+0900][info][gc,marking  ] GC(4) Concurrent Clear Claimed Marks 0.010ms
[2025-02-19T19:36:29.871+0900][info][gc,marking  ] GC(4) Concurrent Scan Root Regions
[2025-02-19T19:36:29.871+0900][info][gc,marking  ] GC(4) Concurrent Scan Root Regions 0.309ms
[2025-02-19T19:36:29.871+0900][info][gc,marking  ] GC(4) Concurrent Mark
[2025-02-19T19:36:29.871+0900][info][gc,marking  ] GC(4) Concurrent Mark From Roots
[2025-02-19T19:36:29.871+0900][info][gc,task     ] GC(4) Using 2 workers of 2 for marking
[2025-02-19T19:36:29.873+0900][info][gc,marking  ] GC(4) Concurrent Mark From Roots 1.848ms
[2025-02-19T19:36:29.873+0900][info][gc,marking  ] GC(4) Concurrent Preclean
[2025-02-19T19:36:29.873+0900][info][gc,marking  ] GC(4) Concurrent Preclean 0.019ms
[2025-02-19T19:36:29.873+0900][info][gc,start    ] GC(4) Pause Remark
[2025-02-19T19:36:29.873+0900][info][gc          ] GC(4) Pause Remark 9M->9M(19M) 0.336ms
[2025-02-19T19:36:29.873+0900][info][gc,cpu      ] GC(4) User=0.00s Sys=0.00s Real=0.00s
[2025-02-19T19:36:29.873+0900][info][gc,marking  ] GC(4) Concurrent Mark 2.304ms
[2025-02-19T19:36:29.873+0900][info][gc,marking  ] GC(4) Concurrent Rebuild Remembered Sets
[2025-02-19T19:36:29.875+0900][info][gc,marking  ] GC(4) Concurrent Rebuild Remembered Sets 1.854ms
[2025-02-19T19:36:29.875+0900][info][gc,start    ] GC(4) Pause Cleanup
[2025-02-19T19:36:29.875+0900][info][gc          ] GC(4) Pause Cleanup 9M->9M(19M) 0.022ms
[2025-02-19T19:36:29.875+0900][info][gc,cpu      ] GC(4) User=0.00s Sys=0.00s Real=0.00s
[2025-02-19T19:36:29.875+0900][info][gc,marking  ] GC(4) Concurrent Cleanup for Next Mark
[2025-02-19T19:36:29.875+0900][info][gc,marking  ] GC(4) Concurrent Cleanup for Next Mark 0.076ms
[2025-02-19T19:36:29.875+0900][info][gc          ] GC(4) Concurrent Mark Cycle 4.709ms
[2025-02-19T19:36:30.079+0900][info][gc,start    ] GC(5) Pause Young (Prepare Mixed) (G1 Evacuation Pause)
[2025-02-19T19:36:30.079+0900][info][gc,task     ] GC(5) Using 2 workers of 9 for evacuation
[2025-02-19T19:36:30.081+0900][info][gc,phases   ] GC(5)   Pre Evacuate Collection Set: 0.0ms
[2025-02-19T19:36:30.081+0900][info][gc,phases   ] GC(5)   Merge Heap Roots: 0.0ms
[2025-02-19T19:36:30.081+0900][info][gc,phases   ] GC(5)   Evacuate Collection Set: 1.9ms
[2025-02-19T19:36:30.081+0900][info][gc,phases   ] GC(5)   Post Evacuate Collection Set: 0.1ms
[2025-02-19T19:36:30.081+0900][info][gc,phases   ] GC(5)   Other: 0.1ms
[2025-02-19T19:36:30.081+0900][info][gc,heap     ] GC(5) Eden regions: 1->0(1)
[2025-02-19T19:36:30.081+0900][info][gc,heap     ] GC(5) Survivor regions: 1->1(1)
[2025-02-19T19:36:30.081+0900][info][gc,heap     ] GC(5) Old regions: 8->9
[2025-02-19T19:36:30.081+0900][info][gc,heap     ] GC(5) Archive regions: 0->0
[2025-02-19T19:36:30.081+0900][info][gc,heap     ] GC(5) Humongous regions: 1->1
[2025-02-19T19:36:30.081+0900][info][gc,metaspace] GC(5) Metaspace: 8063K(8192K)->8063K(8192K) NonClass: 7362K(7424K)->7362K(7424K) Class: 701K(768K)->701K(768K)
[2025-02-19T19:36:30.081+0900][info][gc          ] GC(5) Pause Young (Prepare Mixed) (G1 Evacuation Pause) 10M->10M(19M) 2.136ms
[2025-02-19T19:36:30.081+0900][info][gc,cpu      ] GC(5) User=0.00s Sys=0.01s Real=0.01s
[2025-02-19T19:36:30.280+0900][info][gc,start    ] GC(6) Pause Young (Mixed) (G1 Evacuation Pause)
[2025-02-19T19:36:30.280+0900][info][gc,task     ] GC(6) Using 2 workers of 9 for evacuation
[2025-02-19T19:36:30.282+0900][info][gc,phases   ] GC(6)   Pre Evacuate Collection Set: 0.0ms
[2025-02-19T19:36:30.282+0900][info][gc,phases   ] GC(6)   Merge Heap Roots: 0.0ms
[2025-02-19T19:36:30.282+0900][info][gc,phases   ] GC(6)   Evacuate Collection Set: 1.5ms
[2025-02-19T19:36:30.282+0900][info][gc,phases   ] GC(6)   Post Evacuate Collection Set: 0.1ms
[2025-02-19T19:36:30.282+0900][info][gc,phases   ] GC(6)   Other: 0.1ms
[2025-02-19T19:36:30.282+0900][info][gc,heap     ] GC(6) Eden regions: 1->0(1)
[2025-02-19T19:36:30.282+0900][info][gc,heap     ] GC(6) Survivor regions: 1->1(1)
[2025-02-19T19:36:30.282+0900][info][gc,heap     ] GC(6) Old regions: 9->10
[2025-02-19T19:36:30.282+0900][info][gc,heap     ] GC(6) Archive regions: 0->0
[2025-02-19T19:36:30.282+0900][info][gc,heap     ] GC(6) Humongous regions: 1->1
[2025-02-19T19:36:30.282+0900][info][gc,metaspace] GC(6) Metaspace: 8063K(8192K)->8063K(8192K) NonClass: 7362K(7424K)->7362K(7424K) Class: 701K(768K)->701K(768K)
[2025-02-19T19:36:30.282+0900][info][gc          ] GC(6) Pause Young (Mixed) (G1 Evacuation Pause) 11M->11M(19M) 1.865ms
[2025-02-19T19:36:30.282+0900][info][gc,cpu      ] GC(6) User=0.00s Sys=0.00s Real=0.00s
[2025-02-19T19:36:30.493+0900][info][gc,start    ] GC(7) Pause Young (Concurrent Start) (G1 Evacuation Pause)
[2025-02-19T19:36:30.493+0900][info][gc,task     ] GC(7) Using 2 workers of 9 for evacuation
[2025-02-19T19:36:30.494+0900][info][gc,phases   ] GC(7)   Pre Evacuate Collection Set: 0.0ms
[2025-02-19T19:36:30.494+0900][info][gc,phases   ] GC(7)   Merge Heap Roots: 0.0ms
[2025-02-19T19:36:30.494+0900][info][gc,phases   ] GC(7)   Evacuate Collection Set: 1.3ms
[2025-02-19T19:36:30.494+0900][info][gc,phases   ] GC(7)   Post Evacuate Collection Set: 0.1ms
[2025-02-19T19:36:30.494+0900][info][gc,phases   ] GC(7)   Other: 0.1ms
[2025-02-19T19:36:30.494+0900][info][gc,heap     ] GC(7) Eden regions: 1->0(1)
[2025-02-19T19:36:30.494+0900][info][gc,heap     ] GC(7) Survivor regions: 1->1(1)
[2025-02-19T19:36:30.494+0900][info][gc,heap     ] GC(7) Old regions: 10->11
[2025-02-19T19:36:30.494+0900][info][gc,heap     ] GC(7) Archive regions: 0->0
[2025-02-19T19:36:30.494+0900][info][gc,heap     ] GC(7) Humongous regions: 1->1
[2025-02-19T19:36:30.494+0900][info][gc,metaspace] GC(7) Metaspace: 8063K(8192K)->8063K(8192K) NonClass: 7362K(7424K)->7362K(7424K) Class: 701K(768K)->701K(768K)
[2025-02-19T19:36:30.494+0900][info][gc          ] GC(7) Pause Young (Concurrent Start) (G1 Evacuation Pause) 12M->12M(19M) 1.669ms
[2025-02-19T19:36:30.494+0900][info][gc,cpu      ] GC(7) User=0.00s Sys=0.00s Real=0.00s
[2025-02-19T19:36:30.494+0900][info][gc          ] GC(8) Concurrent Mark Cycle
[2025-02-19T19:36:30.494+0900][info][gc,marking  ] GC(8) Concurrent Clear Claimed Marks
[2025-02-19T19:36:30.495+0900][info][gc,marking  ] GC(8) Concurrent Clear Claimed Marks 0.012ms
[2025-02-19T19:36:30.495+0900][info][gc,marking  ] GC(8) Concurrent Scan Root Regions
[2025-02-19T19:36:30.495+0900][info][gc,marking  ] GC(8) Concurrent Scan Root Regions 0.287ms
[2025-02-19T19:36:30.495+0900][info][gc,marking  ] GC(8) Concurrent Mark
[2025-02-19T19:36:30.495+0900][info][gc,marking  ] GC(8) Concurrent Mark From Roots
[2025-02-19T19:36:30.495+0900][info][gc,task     ] GC(8) Using 2 workers of 2 for marking
[2025-02-19T19:36:30.498+0900][info][gc,marking  ] GC(8) Concurrent Mark From Roots 2.837ms
[2025-02-19T19:36:30.498+0900][info][gc,marking  ] GC(8) Concurrent Preclean
[2025-02-19T19:36:30.498+0900][info][gc,marking  ] GC(8) Concurrent Preclean 0.019ms
[2025-02-19T19:36:30.498+0900][info][gc,start    ] GC(8) Pause Remark
[2025-02-19T19:36:30.498+0900][info][gc          ] GC(8) Pause Remark 12M->12M(24M) 0.302ms
[2025-02-19T19:36:30.498+0900][info][gc,cpu      ] GC(8) User=0.00s Sys=0.00s Real=0.00s
[2025-02-19T19:36:30.498+0900][info][gc,marking  ] GC(8) Concurrent Mark 3.308ms
[2025-02-19T19:36:30.498+0900][info][gc,marking  ] GC(8) Concurrent Rebuild Remembered Sets
[2025-02-19T19:36:30.500+0900][info][gc,marking  ] GC(8) Concurrent Rebuild Remembered Sets 2.243ms
[2025-02-19T19:36:30.500+0900][info][gc,start    ] GC(8) Pause Cleanup
[2025-02-19T19:36:30.500+0900][info][gc          ] GC(8) Pause Cleanup 12M->12M(24M) 0.045ms
[2025-02-19T19:36:30.501+0900][info][gc,cpu      ] GC(8) User=0.00s Sys=0.00s Real=0.00s
[2025-02-19T19:36:30.501+0900][info][gc,marking  ] GC(8) Concurrent Cleanup for Next Mark
[2025-02-19T19:36:30.501+0900][info][gc,marking  ] GC(8) Concurrent Cleanup for Next Mark 0.062ms
[2025-02-19T19:36:30.501+0900][info][gc          ] GC(8) Concurrent Mark Cycle 6.115ms
[2025-02-19T19:36:30.506+0900][info][gc,start    ] GC(9) Pause Young (Concurrent Start) (G1 Humongous Allocation)
[2025-02-19T19:36:30.506+0900][info][gc,task     ] GC(9) Using 2 workers of 9 for evacuation
[2025-02-19T19:36:30.507+0900][info][gc,phases   ] GC(9)   Pre Evacuate Collection Set: 0.0ms
[2025-02-19T19:36:30.507+0900][info][gc,phases   ] GC(9)   Merge Heap Roots: 0.0ms
[2025-02-19T19:36:30.507+0900][info][gc,phases   ] GC(9)   Evacuate Collection Set: 0.8ms
[2025-02-19T19:36:30.507+0900][info][gc,phases   ] GC(9)   Post Evacuate Collection Set: 0.1ms
[2025-02-19T19:36:30.507+0900][info][gc,phases   ] GC(9)   Other: 0.1ms
[2025-02-19T19:36:30.507+0900][info][gc,heap     ] GC(9) Eden regions: 1->0(1)
[2025-02-19T19:36:30.507+0900][info][gc,heap     ] GC(9) Survivor regions: 1->1(1)
[2025-02-19T19:36:30.507+0900][info][gc,heap     ] GC(9) Old regions: 11->12
[2025-02-19T19:36:30.507+0900][info][gc,heap     ] GC(9) Archive regions: 0->0
[2025-02-19T19:36:30.507+0900][info][gc,heap     ] GC(9) Humongous regions: 1->1
[2025-02-19T19:36:30.507+0900][info][gc,metaspace] GC(9) Metaspace: 8063K(8192K)->8063K(8192K) NonClass: 7362K(7424K)->7362K(7424K) Class: 701K(768K)->701K(768K)
[2025-02-19T19:36:30.507+0900][info][gc          ] GC(9) Pause Young (Concurrent Start) (G1 Humongous Allocation) 12M->12M(24M) 1.082ms
[2025-02-19T19:36:30.507+0900][info][gc,cpu      ] GC(9) User=0.00s Sys=0.00s Real=0.00s
[2025-02-19T19:36:30.507+0900][info][gc          ] GC(10) Concurrent Mark Cycle
[2025-02-19T19:36:30.507+0900][info][gc,marking  ] GC(10) Concurrent Clear Claimed Marks
[2025-02-19T19:36:30.507+0900][info][gc,marking  ] GC(10) Concurrent Clear Claimed Marks 0.006ms
[2025-02-19T19:36:30.507+0900][info][gc,marking  ] GC(10) Concurrent Scan Root Regions
[2025-02-19T19:36:30.507+0900][info][gc,marking  ] GC(10) Concurrent Scan Root Regions 0.246ms
[2025-02-19T19:36:30.507+0900][info][gc,marking  ] GC(10) Concurrent Mark
[2025-02-19T19:36:30.507+0900][info][gc,marking  ] GC(10) Concurrent Mark From Roots
[2025-02-19T19:36:30.507+0900][info][gc,task     ] GC(10) Using 2 workers of 2 for marking
[2025-02-19T19:36:30.510+0900][info][gc,marking  ] GC(10) Concurrent Mark From Roots 2.988ms
[2025-02-19T19:36:30.510+0900][info][gc,marking  ] GC(10) Concurrent Preclean
[2025-02-19T19:36:30.510+0900][info][gc,marking  ] GC(10) Concurrent Preclean 0.023ms
[2025-02-19T19:36:30.510+0900][info][gc,start    ] GC(10) Pause Remark
[2025-02-19T19:36:30.511+0900][info][gc          ] GC(10) Pause Remark 13M->13M(27M) 0.320ms
[2025-02-19T19:36:30.511+0900][info][gc,cpu      ] GC(10) User=0.00s Sys=0.00s Real=0.00s
[2025-02-19T19:36:30.511+0900][info][gc,marking  ] GC(10) Concurrent Mark 3.461ms
[2025-02-19T19:36:30.511+0900][info][gc,marking  ] GC(10) Concurrent Rebuild Remembered Sets
[2025-02-19T19:36:30.513+0900][info][gc,marking  ] GC(10) Concurrent Rebuild Remembered Sets 2.577ms
[2025-02-19T19:36:30.513+0900][info][gc,start    ] GC(10) Pause Cleanup
[2025-02-19T19:36:30.513+0900][info][gc          ] GC(10) Pause Cleanup 13M->13M(27M) 0.026ms
[2025-02-19T19:36:30.514+0900][info][gc,cpu      ] GC(10) User=0.00s Sys=0.00s Real=0.00s
[2025-02-19T19:36:30.514+0900][info][gc,marking  ] GC(10) Concurrent Cleanup for Next Mark
[2025-02-19T19:36:30.514+0900][info][gc,marking  ] GC(10) Concurrent Cleanup for Next Mark 0.070ms
[2025-02-19T19:36:30.514+0900][info][gc          ] GC(10) Concurrent Mark Cycle 6.492ms
[2025-02-19T19:36:30.707+0900][info][gc,start    ] GC(11) Pause Young (Normal) (G1 Evacuation Pause)
[2025-02-19T19:36:30.707+0900][info][gc,task     ] GC(11) Using 2 workers of 9 for evacuation
[2025-02-19T19:36:30.708+0900][info][gc,phases   ] GC(11)   Pre Evacuate Collection Set: 0.0ms
[2025-02-19T19:36:30.708+0900][info][gc,phases   ] GC(11)   Merge Heap Roots: 0.0ms
[2025-02-19T19:36:30.709+0900][info][gc,phases   ] GC(11)   Evacuate Collection Set: 1.0ms
[2025-02-19T19:36:30.709+0900][info][gc,phases   ] GC(11)   Post Evacuate Collection Set: 0.2ms
[2025-02-19T19:36:30.709+0900][info][gc,phases   ] GC(11)   Other: 0.1ms
[2025-02-19T19:36:30.709+0900][info][gc,heap     ] GC(11) Eden regions: 1->0(2)
[2025-02-19T19:36:30.709+0900][info][gc,heap     ] GC(11) Survivor regions: 1->1(1)
[2025-02-19T19:36:30.709+0900][info][gc,heap     ] GC(11) Old regions: 12->12
[2025-02-19T19:36:30.709+0900][info][gc,heap     ] GC(11) Archive regions: 0->0
[2025-02-19T19:36:30.709+0900][info][gc,heap     ] GC(11) Humongous regions: 2->2
[2025-02-19T19:36:30.709+0900][info][gc,metaspace] GC(11) Metaspace: 8063K(8192K)->8063K(8192K) NonClass: 7362K(7424K)->7362K(7424K) Class: 701K(768K)->701K(768K)
[2025-02-19T19:36:30.709+0900][info][gc          ] GC(11) Pause Young (Normal) (G1 Evacuation Pause) 14M->14M(27M) 1.512ms
[2025-02-19T19:36:30.709+0900][info][gc,cpu      ] GC(11) User=0.01s Sys=0.00s Real=0.00s
[2025-02-19T19:36:31.143+0900][info][gc,start    ] GC(12) Pause Young (Concurrent Start) (G1 Evacuation Pause)
[2025-02-19T19:36:31.143+0900][info][gc,task     ] GC(12) Using 2 workers of 9 for evacuation
[2025-02-19T19:36:31.145+0900][info][gc,phases   ] GC(12)   Pre Evacuate Collection Set: 0.1ms
[2025-02-19T19:36:31.145+0900][info][gc,phases   ] GC(12)   Merge Heap Roots: 0.0ms
[2025-02-19T19:36:31.146+0900][info][gc,phases   ] GC(12)   Evacuate Collection Set: 2.1ms
[2025-02-19T19:36:31.146+0900][info][gc,phases   ] GC(12)   Post Evacuate Collection Set: 0.1ms
[2025-02-19T19:36:31.146+0900][info][gc,phases   ] GC(12)   Other: 0.1ms
[2025-02-19T19:36:31.146+0900][info][gc,heap     ] GC(12) Eden regions: 2->0(1)
[2025-02-19T19:36:31.146+0900][info][gc,heap     ] GC(12) Survivor regions: 1->1(1)
[2025-02-19T19:36:31.146+0900][info][gc,heap     ] GC(12) Old regions: 12->14
[2025-02-19T19:36:31.146+0900][info][gc,heap     ] GC(12) Archive regions: 0->0
[2025-02-19T19:36:31.146+0900][info][gc,heap     ] GC(12) Humongous regions: 2->2
[2025-02-19T19:36:31.146+0900][info][gc,metaspace] GC(12) Metaspace: 8063K(8192K)->8063K(8192K) NonClass: 7362K(7424K)->7362K(7424K) Class: 701K(768K)->701K(768K)
[2025-02-19T19:36:31.146+0900][info][gc          ] GC(12) Pause Young (Concurrent Start) (G1 Evacuation Pause) 16M->16M(27M) 2.553ms
[2025-02-19T19:36:31.146+0900][info][gc,cpu      ] GC(12) User=0.00s Sys=0.00s Real=0.00s
[2025-02-19T19:36:31.146+0900][info][gc          ] GC(13) Concurrent Mark Cycle
[2025-02-19T19:36:31.146+0900][info][gc,marking  ] GC(13) Concurrent Clear Claimed Marks
[2025-02-19T19:36:31.146+0900][info][gc,marking  ] GC(13) Concurrent Clear Claimed Marks 0.006ms
[2025-02-19T19:36:31.146+0900][info][gc,marking  ] GC(13) Concurrent Scan Root Regions
[2025-02-19T19:36:31.146+0900][info][gc,marking  ] GC(13) Concurrent Scan Root Regions 0.488ms
[2025-02-19T19:36:31.146+0900][info][gc,marking  ] GC(13) Concurrent Mark
[2025-02-19T19:36:31.146+0900][info][gc,marking  ] GC(13) Concurrent Mark From Roots
[2025-02-19T19:36:31.146+0900][info][gc,task     ] GC(13) Using 2 workers of 2 for marking
[2025-02-19T19:36:31.150+0900][info][gc,marking  ] GC(13) Concurrent Mark From Roots 3.482ms
[2025-02-19T19:36:31.150+0900][info][gc,marking  ] GC(13) Concurrent Preclean
[2025-02-19T19:36:31.150+0900][info][gc,marking  ] GC(13) Concurrent Preclean 0.022ms
[2025-02-19T19:36:31.150+0900][info][gc,start    ] GC(13) Pause Remark
[2025-02-19T19:36:31.150+0900][info][gc          ] GC(13) Pause Remark 16M->15M(29M) 0.318ms
[2025-02-19T19:36:31.150+0900][info][gc,cpu      ] GC(13) User=0.00s Sys=0.00s Real=0.00s
[2025-02-19T19:36:31.150+0900][info][gc,marking  ] GC(13) Concurrent Mark 3.931ms
[2025-02-19T19:36:31.150+0900][info][gc,marking  ] GC(13) Concurrent Rebuild Remembered Sets
[2025-02-19T19:36:31.153+0900][info][gc,marking  ] GC(13) Concurrent Rebuild Remembered Sets 2.728ms
[2025-02-19T19:36:31.153+0900][info][gc,start    ] GC(13) Pause Cleanup
[2025-02-19T19:36:31.153+0900][info][gc          ] GC(13) Pause Cleanup 15M->15M(29M) 0.033ms
[2025-02-19T19:36:31.153+0900][info][gc,cpu      ] GC(13) User=0.00s Sys=0.00s Real=0.00s
[2025-02-19T19:36:31.153+0900][info][gc,marking  ] GC(13) Concurrent Cleanup for Next Mark
[2025-02-19T19:36:31.153+0900][info][gc,marking  ] GC(13) Concurrent Cleanup for Next Mark 0.055ms
[2025-02-19T19:36:31.153+0900][info][gc          ] GC(13) Concurrent Mark Cycle 7.456ms
[2025-02-19T19:36:31.352+0900][info][gc,start    ] GC(14) Pause Young (Normal) (G1 Evacuation Pause)
[2025-02-19T19:36:31.352+0900][info][gc,task     ] GC(14) Using 2 workers of 9 for evacuation
[2025-02-19T19:36:31.354+0900][info][gc,phases   ] GC(14)   Pre Evacuate Collection Set: 0.0ms
[2025-02-19T19:36:31.354+0900][info][gc,phases   ] GC(14)   Merge Heap Roots: 0.0ms
[2025-02-19T19:36:31.354+0900][info][gc,phases   ] GC(14)   Evacuate Collection Set: 1.2ms
[2025-02-19T19:36:31.354+0900][info][gc,phases   ] GC(14)   Post Evacuate Collection Set: 0.1ms
[2025-02-19T19:36:31.354+0900][info][gc,phases   ] GC(14)   Other: 0.1ms
[2025-02-19T19:36:31.354+0900][info][gc,heap     ] GC(14) Eden regions: 1->0(2)
[2025-02-19T19:36:31.354+0900][info][gc,heap     ] GC(14) Survivor regions: 1->1(1)
[2025-02-19T19:36:31.354+0900][info][gc,heap     ] GC(14) Old regions: 14->15
[2025-02-19T19:36:31.354+0900][info][gc,heap     ] GC(14) Archive regions: 0->0
[2025-02-19T19:36:31.354+0900][info][gc,heap     ] GC(14) Humongous regions: 1->1
[2025-02-19T19:36:31.354+0900][info][gc,metaspace] GC(14) Metaspace: 8063K(8192K)->8063K(8192K) NonClass: 7362K(7424K)->7362K(7424K) Class: 701K(768K)->701K(768K)
[2025-02-19T19:36:31.354+0900][info][gc          ] GC(14) Pause Young (Normal) (G1 Evacuation Pause) 16M->16M(29M) 1.463ms
[2025-02-19T19:36:31.354+0900][info][gc,cpu      ] GC(14) User=0.00s Sys=0.00s Real=0.00s
[2025-02-19T19:36:31.471+0900][info][gc,start    ] GC(15) Pause Young (Concurrent Start) (G1 Humongous Allocation)
[2025-02-19T19:36:31.471+0900][info][gc,task     ] GC(15) Using 2 workers of 9 for evacuation
[2025-02-19T19:36:31.472+0900][info][gc,phases   ] GC(15)   Pre Evacuate Collection Set: 0.0ms
[2025-02-19T19:36:31.472+0900][info][gc,phases   ] GC(15)   Merge Heap Roots: 0.0ms
[2025-02-19T19:36:31.472+0900][info][gc,phases   ] GC(15)   Evacuate Collection Set: 1.0ms
[2025-02-19T19:36:31.472+0900][info][gc,phases   ] GC(15)   Post Evacuate Collection Set: 0.1ms
[2025-02-19T19:36:31.472+0900][info][gc,phases   ] GC(15)   Other: 0.1ms
[2025-02-19T19:36:31.472+0900][info][gc,heap     ] GC(15) Eden regions: 1->0(2)
[2025-02-19T19:36:31.472+0900][info][gc,heap     ] GC(15) Survivor regions: 1->1(1)
[2025-02-19T19:36:31.472+0900][info][gc,heap     ] GC(15) Old regions: 15->16
[2025-02-19T19:36:31.472+0900][info][gc,heap     ] GC(15) Archive regions: 0->0
[2025-02-19T19:36:31.472+0900][info][gc,heap     ] GC(15) Humongous regions: 1->1
[2025-02-19T19:36:31.472+0900][info][gc,metaspace] GC(15) Metaspace: 8063K(8192K)->8063K(8192K) NonClass: 7362K(7424K)->7362K(7424K) Class: 701K(768K)->701K(768K)
[2025-02-19T19:36:31.472+0900][info][gc          ] GC(15) Pause Young (Concurrent Start) (G1 Humongous Allocation) 16M->16M(29M) 1.194ms
[2025-02-19T19:36:31.472+0900][info][gc,cpu      ] GC(15) User=0.00s Sys=0.00s Real=0.00s
[2025-02-19T19:36:31.472+0900][info][gc          ] GC(16) Concurrent Mark Cycle
[2025-02-19T19:36:31.472+0900][info][gc,marking  ] GC(16) Concurrent Clear Claimed Marks
[2025-02-19T19:36:31.472+0900][info][gc,marking  ] GC(16) Concurrent Clear Claimed Marks 0.004ms
[2025-02-19T19:36:31.472+0900][info][gc,marking  ] GC(16) Concurrent Scan Root Regions
[2025-02-19T19:36:31.472+0900][info][gc,marking  ] GC(16) Concurrent Scan Root Regions 0.234ms
[2025-02-19T19:36:31.472+0900][info][gc,marking  ] GC(16) Concurrent Mark
[2025-02-19T19:36:31.472+0900][info][gc,marking  ] GC(16) Concurrent Mark From Roots
[2025-02-19T19:36:31.472+0900][info][gc,task     ] GC(16) Using 2 workers of 2 for marking
[2025-02-19T19:36:31.476+0900][info][gc,marking  ] GC(16) Concurrent Mark From Roots 3.875ms
[2025-02-19T19:36:31.476+0900][info][gc,marking  ] GC(16) Concurrent Preclean
[2025-02-19T19:36:31.476+0900][info][gc,marking  ] GC(16) Concurrent Preclean 0.022ms
[2025-02-19T19:36:31.476+0900][info][gc,start    ] GC(16) Pause Remark
[2025-02-19T19:36:31.477+0900][info][gc          ] GC(16) Pause Remark 18M->18M(35M) 0.321ms
[2025-02-19T19:36:31.477+0900][info][gc,cpu      ] GC(16) User=0.00s Sys=0.00s Real=0.00s
[2025-02-19T19:36:31.477+0900][info][gc,marking  ] GC(16) Concurrent Mark 4.320ms
[2025-02-19T19:36:31.477+0900][info][gc,marking  ] GC(16) Concurrent Rebuild Remembered Sets
[2025-02-19T19:36:31.480+0900][info][gc,marking  ] GC(16) Concurrent Rebuild Remembered Sets 3.434ms
[2025-02-19T19:36:31.480+0900][info][gc,start    ] GC(16) Pause Cleanup
[2025-02-19T19:36:31.480+0900][info][gc          ] GC(16) Pause Cleanup 18M->18M(35M) 0.039ms
[2025-02-19T19:36:31.480+0900][info][gc,cpu      ] GC(16) User=0.00s Sys=0.00s Real=0.00s
[2025-02-19T19:36:31.480+0900][info][gc,marking  ] GC(16) Concurrent Cleanup for Next Mark
[2025-02-19T19:36:31.480+0900][info][gc,marking  ] GC(16) Concurrent Cleanup for Next Mark 0.058ms
[2025-02-19T19:36:31.480+0900][info][gc          ] GC(16) Concurrent Mark Cycle 8.204ms
[2025-02-19T19:36:31.901+0900][info][gc,start    ] GC(17) Pause Young (Normal) (G1 Evacuation Pause)
[2025-02-19T19:36:31.901+0900][info][gc,task     ] GC(17) Using 2 workers of 9 for evacuation
[2025-02-19T19:36:31.903+0900][info][gc,phases   ] GC(17)   Pre Evacuate Collection Set: 0.0ms
[2025-02-19T19:36:31.903+0900][info][gc,phases   ] GC(17)   Merge Heap Roots: 0.0ms
[2025-02-19T19:36:31.903+0900][info][gc,phases   ] GC(17)   Evacuate Collection Set: 2.1ms
[2025-02-19T19:36:31.903+0900][info][gc,phases   ] GC(17)   Post Evacuate Collection Set: 0.1ms
[2025-02-19T19:36:31.903+0900][info][gc,phases   ] GC(17)   Other: 0.1ms
[2025-02-19T19:36:31.903+0900][info][gc,heap     ] GC(17) Eden regions: 2->0(2)
[2025-02-19T19:36:31.903+0900][info][gc,heap     ] GC(17) Survivor regions: 1->1(1)
[2025-02-19T19:36:31.903+0900][info][gc,heap     ] GC(17) Old regions: 16->17
[2025-02-19T19:36:31.903+0900][info][gc,heap     ] GC(17) Archive regions: 0->0
[2025-02-19T19:36:31.903+0900][info][gc,heap     ] GC(17) Humongous regions: 3->3
[2025-02-19T19:36:31.903+0900][info][gc,metaspace] GC(17) Metaspace: 8064K(8192K)->8064K(8192K) NonClass: 7362K(7424K)->7362K(7424K) Class: 701K(768K)->701K(768K)
[2025-02-19T19:36:31.903+0900][info][gc          ] GC(17) Pause Young (Normal) (G1 Evacuation Pause) 20M->20M(35M) 2.448ms
[2025-02-19T19:36:31.903+0900][info][gc,cpu      ] GC(17) User=0.01s Sys=0.00s Real=0.00s
[2025-02-19T19:36:32.371+0900][info][gc,start    ] GC(18) Pause Young (Concurrent Start) (G1 Evacuation Pause)
[2025-02-19T19:36:32.371+0900][info][gc,task     ] GC(18) Using 2 workers of 9 for evacuation
[2025-02-19T19:36:32.374+0900][info][gc,phases   ] GC(18)   Pre Evacuate Collection Set: 0.0ms
[2025-02-19T19:36:32.374+0900][info][gc,phases   ] GC(18)   Merge Heap Roots: 0.0ms
[2025-02-19T19:36:32.374+0900][info][gc,phases   ] GC(18)   Evacuate Collection Set: 2.3ms
[2025-02-19T19:36:32.374+0900][info][gc,phases   ] GC(18)   Post Evacuate Collection Set: 0.1ms
[2025-02-19T19:36:32.374+0900][info][gc,phases   ] GC(18)   Other: 0.1ms
[2025-02-19T19:36:32.374+0900][info][gc,heap     ] GC(18) Eden regions: 2->0(1)
[2025-02-19T19:36:32.374+0900][info][gc,heap     ] GC(18) Survivor regions: 1->1(1)
[2025-02-19T19:36:32.374+0900][info][gc,heap     ] GC(18) Old regions: 17->19
[2025-02-19T19:36:32.374+0900][info][gc,heap     ] GC(18) Archive regions: 0->0
[2025-02-19T19:36:32.374+0900][info][gc,heap     ] GC(18) Humongous regions: 3->3
[2025-02-19T19:36:32.374+0900][info][gc,metaspace] GC(18) Metaspace: 8064K(8192K)->8064K(8192K) NonClass: 7362K(7424K)->7362K(7424K) Class: 701K(768K)->701K(768K)
[2025-02-19T19:36:32.374+0900][info][gc          ] GC(18) Pause Young (Concurrent Start) (G1 Evacuation Pause) 22M->22M(35M) 2.592ms
[2025-02-19T19:36:32.374+0900][info][gc,cpu      ] GC(18) User=0.00s Sys=0.00s Real=0.00s
[2025-02-19T19:36:32.374+0900][info][gc          ] GC(19) Concurrent Mark Cycle
[2025-02-19T19:36:32.374+0900][info][gc,marking  ] GC(19) Concurrent Clear Claimed Marks
[2025-02-19T19:36:32.374+0900][info][gc,marking  ] GC(19) Concurrent Clear Claimed Marks 0.005ms
[2025-02-19T19:36:32.374+0900][info][gc,marking  ] GC(19) Concurrent Scan Root Regions
[2025-02-19T19:36:32.374+0900][info][gc,marking  ] GC(19) Concurrent Scan Root Regions 0.449ms
[2025-02-19T19:36:32.374+0900][info][gc,marking  ] GC(19) Concurrent Mark
[2025-02-19T19:36:32.374+0900][info][gc,marking  ] GC(19) Concurrent Mark From Roots
[2025-02-19T19:36:32.374+0900][info][gc,task     ] GC(19) Using 2 workers of 2 for marking
[2025-02-19T19:36:32.379+0900][info][gc,marking  ] GC(19) Concurrent Mark From Roots 4.647ms
[2025-02-19T19:36:32.379+0900][info][gc,marking  ] GC(19) Concurrent Preclean
[2025-02-19T19:36:32.379+0900][info][gc,marking  ] GC(19) Concurrent Preclean 0.022ms
[2025-02-19T19:36:32.379+0900][info][gc,start    ] GC(19) Pause Remark
[2025-02-19T19:36:32.380+0900][info][gc          ] GC(19) Pause Remark 22M->21M(39M) 0.342ms
[2025-02-19T19:36:32.380+0900][info][gc,cpu      ] GC(19) User=0.01s Sys=0.00s Real=0.01s
[2025-02-19T19:36:32.380+0900][info][gc,marking  ] GC(19) Concurrent Mark 5.116ms
[2025-02-19T19:36:32.380+0900][info][gc,marking  ] GC(19) Concurrent Rebuild Remembered Sets
[2025-02-19T19:36:32.384+0900][info][gc,marking  ] GC(19) Concurrent Rebuild Remembered Sets 4.026ms
[2025-02-19T19:36:32.384+0900][info][gc,start    ] GC(19) Pause Cleanup
[2025-02-19T19:36:32.384+0900][info][gc          ] GC(19) Pause Cleanup 21M->21M(39M) 0.035ms
[2025-02-19T19:36:32.384+0900][info][gc,cpu      ] GC(19) User=0.00s Sys=0.00s Real=0.00s
[2025-02-19T19:36:32.384+0900][info][gc,marking  ] GC(19) Concurrent Cleanup for Next Mark
[2025-02-19T19:36:32.384+0900][info][gc,marking  ] GC(19) Concurrent Cleanup for Next Mark 0.065ms
[2025-02-19T19:36:32.384+0900][info][gc          ] GC(19) Concurrent Mark Cycle 9.861ms
[2025-02-19T19:36:32.586+0900][info][gc,start    ] GC(20) Pause Young (Normal) (G1 Evacuation Pause)
[2025-02-19T19:36:32.586+0900][info][gc,task     ] GC(20) Using 2 workers of 9 for evacuation
[2025-02-19T19:36:32.588+0900][info][gc,phases   ] GC(20)   Pre Evacuate Collection Set: 0.0ms
[2025-02-19T19:36:32.588+0900][info][gc,phases   ] GC(20)   Merge Heap Roots: 0.0ms
[2025-02-19T19:36:32.588+0900][info][gc,phases   ] GC(20)   Evacuate Collection Set: 1.3ms
[2025-02-19T19:36:32.588+0900][info][gc,phases   ] GC(20)   Post Evacuate Collection Set: 0.1ms
[2025-02-19T19:36:32.588+0900][info][gc,phases   ] GC(20)   Other: 0.1ms
[2025-02-19T19:36:32.588+0900][info][gc,heap     ] GC(20) Eden regions: 1->0(3)
[2025-02-19T19:36:32.588+0900][info][gc,heap     ] GC(20) Survivor regions: 1->1(1)
[2025-02-19T19:36:32.588+0900][info][gc,heap     ] GC(20) Old regions: 19->20
[2025-02-19T19:36:32.588+0900][info][gc,heap     ] GC(20) Archive regions: 0->0
[2025-02-19T19:36:32.588+0900][info][gc,heap     ] GC(20) Humongous regions: 2->2
[2025-02-19T19:36:32.588+0900][info][gc,metaspace] GC(20) Metaspace: 8065K(8192K)->8065K(8192K) NonClass: 7364K(7424K)->7364K(7424K) Class: 701K(768K)->701K(768K)
[2025-02-19T19:36:32.588+0900][info][gc          ] GC(20) Pause Young (Normal) (G1 Evacuation Pause) 22M->23M(39M) 1.604ms
[2025-02-19T19:36:32.588+0900][info][gc,cpu      ] GC(20) User=0.00s Sys=0.00s Real=0.00s
[2025-02-19T19:36:32.948+0900][info][gc,start    ] GC(21) Pause Young (Concurrent Start) (G1 Humongous Allocation)
[2025-02-19T19:36:32.948+0900][info][gc,task     ] GC(21) Using 2 workers of 9 for evacuation
[2025-02-19T19:36:32.950+0900][info][gc,phases   ] GC(21)   Pre Evacuate Collection Set: 0.0ms
[2025-02-19T19:36:32.950+0900][info][gc,phases   ] GC(21)   Merge Heap Roots: 0.0ms
[2025-02-19T19:36:32.950+0900][info][gc,phases   ] GC(21)   Evacuate Collection Set: 1.7ms
[2025-02-19T19:36:32.950+0900][info][gc,phases   ] GC(21)   Post Evacuate Collection Set: 0.1ms
[2025-02-19T19:36:32.950+0900][info][gc,phases   ] GC(21)   Other: 0.2ms
[2025-02-19T19:36:32.950+0900][info][gc,heap     ] GC(21) Eden regions: 2->0(2)
[2025-02-19T19:36:32.950+0900][info][gc,heap     ] GC(21) Survivor regions: 1->1(1)
[2025-02-19T19:36:32.950+0900][info][gc,heap     ] GC(21) Old regions: 20->22
[2025-02-19T19:36:32.950+0900][info][gc,heap     ] GC(21) Archive regions: 0->0
[2025-02-19T19:36:32.950+0900][info][gc,heap     ] GC(21) Humongous regions: 2->2
[2025-02-19T19:36:32.950+0900][info][gc,metaspace] GC(21) Metaspace: 8065K(8192K)->8065K(8192K) NonClass: 7364K(7424K)->7364K(7424K) Class: 701K(768K)->701K(768K)
[2025-02-19T19:36:32.950+0900][info][gc          ] GC(21) Pause Young (Concurrent Start) (G1 Humongous Allocation) 24M->24M(39M) 2.093ms
[2025-02-19T19:36:32.950+0900][info][gc,cpu      ] GC(21) User=0.00s Sys=0.00s Real=0.01s
[2025-02-19T19:36:32.950+0900][info][gc          ] GC(22) Concurrent Mark Cycle
[2025-02-19T19:36:32.950+0900][info][gc,marking  ] GC(22) Concurrent Clear Claimed Marks
[2025-02-19T19:36:32.950+0900][info][gc,marking  ] GC(22) Concurrent Clear Claimed Marks 0.005ms
[2025-02-19T19:36:32.950+0900][info][gc,marking  ] GC(22) Concurrent Scan Root Regions
[2025-02-19T19:36:32.951+0900][info][gc,marking  ] GC(22) Concurrent Scan Root Regions 0.415ms
[2025-02-19T19:36:32.951+0900][info][gc,marking  ] GC(22) Concurrent Mark
[2025-02-19T19:36:32.951+0900][info][gc,marking  ] GC(22) Concurrent Mark From Roots
[2025-02-19T19:36:32.951+0900][info][gc,task     ] GC(22) Using 2 workers of 2 for marking
[2025-02-19T19:36:32.956+0900][info][gc,marking  ] GC(22) Concurrent Mark From Roots 5.504ms
[2025-02-19T19:36:32.956+0900][info][gc,marking  ] GC(22) Concurrent Preclean
[2025-02-19T19:36:32.956+0900][info][gc,marking  ] GC(22) Concurrent Preclean 0.021ms
[2025-02-19T19:36:32.956+0900][info][gc,start    ] GC(22) Pause Remark
[2025-02-19T19:36:32.956+0900][info][gc          ] GC(22) Pause Remark 27M->27M(49M) 0.343ms
[2025-02-19T19:36:32.957+0900][info][gc,cpu      ] GC(22) User=0.00s Sys=0.00s Real=0.00s
[2025-02-19T19:36:32.957+0900][info][gc,marking  ] GC(22) Concurrent Mark 5.990ms
[2025-02-19T19:36:32.957+0900][info][gc,marking  ] GC(22) Concurrent Rebuild Remembered Sets
[2025-02-19T19:36:32.961+0900][info][gc,marking  ] GC(22) Concurrent Rebuild Remembered Sets 4.903ms
[2025-02-19T19:36:32.962+0900][info][gc,start    ] GC(22) Pause Cleanup
[2025-02-19T19:36:32.962+0900][info][gc          ] GC(22) Pause Cleanup 27M->27M(49M) 0.048ms
[2025-02-19T19:36:32.962+0900][info][gc,cpu      ] GC(22) User=0.00s Sys=0.00s Real=0.00s
[2025-02-19T19:36:32.962+0900][info][gc,marking  ] GC(22) Concurrent Cleanup for Next Mark
[2025-02-19T19:36:32.962+0900][info][gc,marking  ] GC(22) Concurrent Cleanup for Next Mark 0.070ms
[2025-02-19T19:36:32.962+0900][info][gc          ] GC(22) Concurrent Mark Cycle 11.582ms
[2025-02-19T19:36:33.405+0900][info][gc,start    ] GC(23) Pause Young (Normal) (G1 Evacuation Pause)
[2025-02-19T19:36:33.405+0900][info][gc,task     ] GC(23) Using 2 workers of 9 for evacuation
[2025-02-19T19:36:33.407+0900][info][gc,phases   ] GC(23)   Pre Evacuate Collection Set: 0.0ms
[2025-02-19T19:36:33.407+0900][info][gc,phases   ] GC(23)   Merge Heap Roots: 0.0ms
[2025-02-19T19:36:33.407+0900][info][gc,phases   ] GC(23)   Evacuate Collection Set: 2.2ms
[2025-02-19T19:36:33.407+0900][info][gc,phases   ] GC(23)   Post Evacuate Collection Set: 0.1ms
[2025-02-19T19:36:33.407+0900][info][gc,phases   ] GC(23)   Other: 0.1ms
[2025-02-19T19:36:33.407+0900][info][gc,heap     ] GC(23) Eden regions: 2->0(3)
[2025-02-19T19:36:33.407+0900][info][gc,heap     ] GC(23) Survivor regions: 1->1(1)
[2025-02-19T19:36:33.407+0900][info][gc,heap     ] GC(23) Old regions: 22->24
[2025-02-19T19:36:33.407+0900][info][gc,heap     ] GC(23) Archive regions: 0->0
[2025-02-19T19:36:33.407+0900][info][gc,heap     ] GC(23) Humongous regions: 5->5
[2025-02-19T19:36:33.407+0900][info][gc,metaspace] GC(23) Metaspace: 8075K(8192K)->8075K(8192K) NonClass: 7374K(7424K)->7374K(7424K) Class: 701K(768K)->701K(768K)
[2025-02-19T19:36:33.407+0900][info][gc          ] GC(23) Pause Young (Normal) (G1 Evacuation Pause) 29M->29M(49M) 2.514ms
[2025-02-19T19:36:33.407+0900][info][gc,cpu      ] GC(23) User=0.00s Sys=0.00s Real=0.00s
[2025-02-19T19:36:34.072+0900][info][gc,start    ] GC(24) Pause Young (Concurrent Start) (G1 Evacuation Pause)
[2025-02-19T19:36:34.072+0900][info][gc,task     ] GC(24) Using 2 workers of 9 for evacuation
[2025-02-19T19:36:34.074+0900][info][gc,phases   ] GC(24)   Pre Evacuate Collection Set: 0.0ms
[2025-02-19T19:36:34.074+0900][info][gc,phases   ] GC(24)   Merge Heap Roots: 0.0ms
[2025-02-19T19:36:34.074+0900][info][gc,phases   ] GC(24)   Evacuate Collection Set: 2.5ms
[2025-02-19T19:36:34.074+0900][info][gc,phases   ] GC(24)   Post Evacuate Collection Set: 0.1ms
[2025-02-19T19:36:34.074+0900][info][gc,phases   ] GC(24)   Other: 0.1ms
[2025-02-19T19:36:34.074+0900][info][gc,heap     ] GC(24) Eden regions: 3->0(2)
[2025-02-19T19:36:34.074+0900][info][gc,heap     ] GC(24) Survivor regions: 1->1(1)
[2025-02-19T19:36:34.074+0900][info][gc,heap     ] GC(24) Old regions: 24->27
[2025-02-19T19:36:34.074+0900][info][gc,heap     ] GC(24) Archive regions: 0->0
[2025-02-19T19:36:34.074+0900][info][gc,heap     ] GC(24) Humongous regions: 5->5
[2025-02-19T19:36:34.074+0900][info][gc,metaspace] GC(24) Metaspace: 8075K(8192K)->8075K(8192K) NonClass: 7374K(7424K)->7374K(7424K) Class: 701K(768K)->701K(768K)
[2025-02-19T19:36:34.074+0900][info][gc          ] GC(24) Pause Young (Concurrent Start) (G1 Evacuation Pause) 32M->32M(49M) 2.799ms
[2025-02-19T19:36:34.074+0900][info][gc,cpu      ] GC(24) User=0.00s Sys=0.00s Real=0.00s
[2025-02-19T19:36:34.074+0900][info][gc          ] GC(25) Concurrent Mark Cycle
[2025-02-19T19:36:34.074+0900][info][gc,marking  ] GC(25) Concurrent Clear Claimed Marks
[2025-02-19T19:36:34.074+0900][info][gc,marking  ] GC(25) Concurrent Clear Claimed Marks 0.006ms
[2025-02-19T19:36:34.074+0900][info][gc,marking  ] GC(25) Concurrent Scan Root Regions
[2025-02-19T19:36:34.075+0900][info][gc,marking  ] GC(25) Concurrent Scan Root Regions 0.552ms
[2025-02-19T19:36:34.075+0900][info][gc,marking  ] GC(25) Concurrent Mark
[2025-02-19T19:36:34.075+0900][info][gc,marking  ] GC(25) Concurrent Mark From Roots
[2025-02-19T19:36:34.075+0900][info][gc,task     ] GC(25) Using 2 workers of 2 for marking
[2025-02-19T19:36:34.081+0900][info][gc,marking  ] GC(25) Concurrent Mark From Roots 6.457ms
[2025-02-19T19:36:34.081+0900][info][gc,marking  ] GC(25) Concurrent Preclean
[2025-02-19T19:36:34.082+0900][info][gc,marking  ] GC(25) Concurrent Preclean 0.019ms
[2025-02-19T19:36:34.082+0900][info][gc,start    ] GC(25) Pause Remark
[2025-02-19T19:36:34.082+0900][info][gc          ] GC(25) Pause Remark 32M->30M(54M) 0.258ms
[2025-02-19T19:36:34.082+0900][info][gc,cpu      ] GC(25) User=0.00s Sys=0.00s Real=0.00s
[2025-02-19T19:36:34.082+0900][info][gc,marking  ] GC(25) Concurrent Mark 6.834ms
[2025-02-19T19:36:34.082+0900][info][gc,marking  ] GC(25) Concurrent Rebuild Remembered Sets
[2025-02-19T19:36:34.088+0900][info][gc,marking  ] GC(25) Concurrent Rebuild Remembered Sets 5.802ms
[2025-02-19T19:36:34.088+0900][info][gc,start    ] GC(25) Pause Cleanup
[2025-02-19T19:36:34.088+0900][info][gc          ] GC(25) Pause Cleanup 31M->31M(54M) 0.042ms
[2025-02-19T19:36:34.088+0900][info][gc,cpu      ] GC(25) User=0.00s Sys=0.00s Real=0.00s
[2025-02-19T19:36:34.088+0900][info][gc,marking  ] GC(25) Concurrent Cleanup for Next Mark
[2025-02-19T19:36:34.088+0900][info][gc,marking  ] GC(25) Concurrent Cleanup for Next Mark 0.079ms
[2025-02-19T19:36:34.088+0900][info][gc          ] GC(25) Concurrent Mark Cycle 13.460ms
[2025-02-19T19:36:34.512+0900][info][gc,start    ] GC(26) Pause Young (Normal) (G1 Evacuation Pause)
[2025-02-19T19:36:34.512+0900][info][gc,task     ] GC(26) Using 2 workers of 9 for evacuation
[2025-02-19T19:36:34.514+0900][info][gc,phases   ] GC(26)   Pre Evacuate Collection Set: 0.0ms
[2025-02-19T19:36:34.514+0900][info][gc,phases   ] GC(26)   Merge Heap Roots: 0.0ms
[2025-02-19T19:36:34.514+0900][info][gc,phases   ] GC(26)   Evacuate Collection Set: 1.8ms
[2025-02-19T19:36:34.514+0900][info][gc,phases   ] GC(26)   Post Evacuate Collection Set: 0.1ms
[2025-02-19T19:36:34.514+0900][info][gc,phases   ] GC(26)   Other: 0.1ms
[2025-02-19T19:36:34.514+0900][info][gc,heap     ] GC(26) Eden regions: 2->0(4)
[2025-02-19T19:36:34.514+0900][info][gc,heap     ] GC(26) Survivor regions: 1->1(1)
[2025-02-19T19:36:34.514+0900][info][gc,heap     ] GC(26) Old regions: 27->29
[2025-02-19T19:36:34.514+0900][info][gc,heap     ] GC(26) Archive regions: 0->0
[2025-02-19T19:36:34.514+0900][info][gc,heap     ] GC(26) Humongous regions: 3->3
[2025-02-19T19:36:34.514+0900][info][gc,metaspace] GC(26) Metaspace: 8075K(8192K)->8075K(8192K) NonClass: 7374K(7424K)->7374K(7424K) Class: 701K(768K)->701K(768K)
[2025-02-19T19:36:34.514+0900][info][gc          ] GC(26) Pause Young (Normal) (G1 Evacuation Pause) 32M->33M(54M) 2.111ms
[2025-02-19T19:36:34.514+0900][info][gc,cpu      ] GC(26) User=0.00s Sys=0.00s Real=0.00s
[2025-02-19T19:36:35.194+0900][info][gc,start    ] GC(27) Pause Young (Concurrent Start) (G1 Humongous Allocation)
[2025-02-19T19:36:35.194+0900][info][gc,task     ] GC(27) Using 2 workers of 9 for evacuation
[2025-02-19T19:36:35.196+0900][info][gc,phases   ] GC(27)   Pre Evacuate Collection Set: 0.0ms
[2025-02-19T19:36:35.196+0900][info][gc,phases   ] GC(27)   Merge Heap Roots: 0.0ms
[2025-02-19T19:36:35.196+0900][info][gc,phases   ] GC(27)   Evacuate Collection Set: 2.3ms
[2025-02-19T19:36:35.196+0900][info][gc,phases   ] GC(27)   Post Evacuate Collection Set: 0.1ms
[2025-02-19T19:36:35.196+0900][info][gc,phases   ] GC(27)   Other: 0.1ms
[2025-02-19T19:36:35.196+0900][info][gc,heap     ] GC(27) Eden regions: 3->0(3)
[2025-02-19T19:36:35.196+0900][info][gc,heap     ] GC(27) Survivor regions: 1->1(1)
[2025-02-19T19:36:35.196+0900][info][gc,heap     ] GC(27) Old regions: 29->32
[2025-02-19T19:36:35.196+0900][info][gc,heap     ] GC(27) Archive regions: 0->0
[2025-02-19T19:36:35.196+0900][info][gc,heap     ] GC(27) Humongous regions: 3->3
[2025-02-19T19:36:35.196+0900][info][gc,metaspace] GC(27) Metaspace: 8085K(8192K)->8085K(8192K) NonClass: 7384K(7424K)->7384K(7424K) Class: 701K(768K)->701K(768K)
[2025-02-19T19:36:35.196+0900][info][gc          ] GC(27) Pause Young (Concurrent Start) (G1 Humongous Allocation) 35M->36M(54M) 2.578ms
[2025-02-19T19:36:35.196+0900][info][gc,cpu      ] GC(27) User=0.00s Sys=0.00s Real=0.00s
[2025-02-19T19:36:35.196+0900][info][gc          ] GC(28) Concurrent Mark Cycle
[2025-02-19T19:36:35.196+0900][info][gc,marking  ] GC(28) Concurrent Clear Claimed Marks
[2025-02-19T19:36:35.196+0900][info][gc,marking  ] GC(28) Concurrent Clear Claimed Marks 0.005ms
[2025-02-19T19:36:35.196+0900][info][gc,marking  ] GC(28) Concurrent Scan Root Regions
[2025-02-19T19:36:35.197+0900][info][gc,marking  ] GC(28) Concurrent Scan Root Regions 0.530ms
[2025-02-19T19:36:35.197+0900][info][gc,marking  ] GC(28) Concurrent Mark
[2025-02-19T19:36:35.197+0900][info][gc,marking  ] GC(28) Concurrent Mark From Roots
[2025-02-19T19:36:35.197+0900][info][gc,task     ] GC(28) Using 2 workers of 2 for marking
[2025-02-19T19:36:35.205+0900][info][gc,marking  ] GC(28) Concurrent Mark From Roots 7.641ms
[2025-02-19T19:36:35.205+0900][info][gc,marking  ] GC(28) Concurrent Preclean
[2025-02-19T19:36:35.205+0900][info][gc,marking  ] GC(28) Concurrent Preclean 0.022ms
[2025-02-19T19:36:35.205+0900][info][gc,start    ] GC(28) Pause Remark
[2025-02-19T19:36:35.205+0900][info][gc          ] GC(28) Pause Remark 40M->40M(56M) 0.335ms
[2025-02-19T19:36:35.205+0900][info][gc,cpu      ] GC(28) User=0.00s Sys=0.00s Real=0.00s
[2025-02-19T19:36:35.205+0900][info][gc,marking  ] GC(28) Concurrent Mark 8.125ms
[2025-02-19T19:36:35.205+0900][info][gc,marking  ] GC(28) Concurrent Rebuild Remembered Sets
[2025-02-19T19:36:35.213+0900][info][gc,marking  ] GC(28) Concurrent Rebuild Remembered Sets 8.149ms
[2025-02-19T19:36:35.213+0900][info][gc,start    ] GC(28) Pause Cleanup
[2025-02-19T19:36:35.213+0900][info][gc          ] GC(28) Pause Cleanup 40M->40M(56M) 0.031ms
[2025-02-19T19:36:35.213+0900][info][gc,cpu      ] GC(28) User=0.00s Sys=0.00s Real=0.00s
[2025-02-19T19:36:35.213+0900][info][gc,marking  ] GC(28) Concurrent Cleanup for Next Mark
[2025-02-19T19:36:35.214+0900][info][gc,marking  ] GC(28) Concurrent Cleanup for Next Mark 0.136ms
[2025-02-19T19:36:35.214+0900][info][gc          ] GC(28) Concurrent Mark Cycle 17.129ms
[2025-02-19T19:36:35.874+0900][info][gc,start    ] GC(29) Pause Young (Normal) (G1 Evacuation Pause)
[2025-02-19T19:36:35.874+0900][info][gc,task     ] GC(29) Using 2 workers of 9 for evacuation
[2025-02-19T19:36:35.878+0900][info][gc,phases   ] GC(29)   Pre Evacuate Collection Set: 0.0ms
[2025-02-19T19:36:35.878+0900][info][gc,phases   ] GC(29)   Merge Heap Roots: 0.0ms
[2025-02-19T19:36:35.878+0900][info][gc,phases   ] GC(29)   Evacuate Collection Set: 3.6ms
[2025-02-19T19:36:35.878+0900][info][gc,phases   ] GC(29)   Post Evacuate Collection Set: 0.1ms
[2025-02-19T19:36:35.878+0900][info][gc,phases   ] GC(29)   Other: 0.1ms
[2025-02-19T19:36:35.878+0900][info][gc,heap     ] GC(29) Eden regions: 3->0(1)
[2025-02-19T19:36:35.878+0900][info][gc,heap     ] GC(29) Survivor regions: 1->1(1)
[2025-02-19T19:36:35.878+0900][info][gc,heap     ] GC(29) Old regions: 32->36
[2025-02-19T19:36:35.878+0900][info][gc,heap     ] GC(29) Archive regions: 0->0
[2025-02-19T19:36:35.878+0900][info][gc,heap     ] GC(29) Humongous regions: 7->7
[2025-02-19T19:36:35.878+0900][info][gc,metaspace] GC(29) Metaspace: 8085K(8192K)->8085K(8192K) NonClass: 7384K(7424K)->7384K(7424K) Class: 701K(768K)->701K(768K)
[2025-02-19T19:36:35.878+0900][info][gc          ] GC(29) Pause Young (Normal) (G1 Evacuation Pause) 43M->43M(56M) 3.915ms
[2025-02-19T19:36:35.878+0900][info][gc,cpu      ] GC(29) User=0.01s Sys=0.00s Real=0.00s
[2025-02-19T19:36:36.100+0900][info][gc,start    ] GC(30) Pause Young (Concurrent Start) (G1 Evacuation Pause)
[2025-02-19T19:36:36.100+0900][info][gc,task     ] GC(30) Using 2 workers of 9 for evacuation
[2025-02-19T19:36:36.101+0900][info][gc,phases   ] GC(30)   Pre Evacuate Collection Set: 0.0ms
[2025-02-19T19:36:36.101+0900][info][gc,phases   ] GC(30)   Merge Heap Roots: 0.0ms
[2025-02-19T19:36:36.101+0900][info][gc,phases   ] GC(30)   Evacuate Collection Set: 1.2ms
[2025-02-19T19:36:36.101+0900][info][gc,phases   ] GC(30)   Post Evacuate Collection Set: 0.1ms
[2025-02-19T19:36:36.101+0900][info][gc,phases   ] GC(30)   Other: 0.1ms
[2025-02-19T19:36:36.101+0900][info][gc,heap     ] GC(30) Eden regions: 1->0(1)
[2025-02-19T19:36:36.101+0900][info][gc,heap     ] GC(30) Survivor regions: 1->1(1)
[2025-02-19T19:36:36.101+0900][info][gc,heap     ] GC(30) Old regions: 36->37
[2025-02-19T19:36:36.101+0900][info][gc,heap     ] GC(30) Archive regions: 0->0
[2025-02-19T19:36:36.101+0900][info][gc,heap     ] GC(30) Humongous regions: 7->7
[2025-02-19T19:36:36.101+0900][info][gc,metaspace] GC(30) Metaspace: 8085K(8192K)->8085K(8192K) NonClass: 7384K(7424K)->7384K(7424K) Class: 701K(768K)->701K(768K)
[2025-02-19T19:36:36.101+0900][info][gc          ] GC(30) Pause Young (Concurrent Start) (G1 Evacuation Pause) 44M->44M(56M) 1.535ms
[2025-02-19T19:36:36.101+0900][info][gc,cpu      ] GC(30) User=0.00s Sys=0.00s Real=0.00s
[2025-02-19T19:36:36.101+0900][info][gc          ] GC(31) Concurrent Mark Cycle
[2025-02-19T19:36:36.101+0900][info][gc,marking  ] GC(31) Concurrent Clear Claimed Marks
[2025-02-19T19:36:36.101+0900][info][gc,marking  ] GC(31) Concurrent Clear Claimed Marks 0.008ms
[2025-02-19T19:36:36.101+0900][info][gc,marking  ] GC(31) Concurrent Scan Root Regions
[2025-02-19T19:36:36.102+0900][info][gc,marking  ] GC(31) Concurrent Scan Root Regions 0.280ms
[2025-02-19T19:36:36.102+0900][info][gc,marking  ] GC(31) Concurrent Mark
[2025-02-19T19:36:36.102+0900][info][gc,marking  ] GC(31) Concurrent Mark From Roots
[2025-02-19T19:36:36.102+0900][info][gc,task     ] GC(31) Using 2 workers of 2 for marking
[2025-02-19T19:36:36.111+0900][info][gc,marking  ] GC(31) Concurrent Mark From Roots 9.246ms
[2025-02-19T19:36:36.111+0900][info][gc,marking  ] GC(31) Concurrent Preclean
[2025-02-19T19:36:36.111+0900][info][gc,marking  ] GC(31) Concurrent Preclean 0.021ms
[2025-02-19T19:36:36.111+0900][info][gc,start    ] GC(31) Pause Remark
[2025-02-19T19:36:36.111+0900][info][gc          ] GC(31) Pause Remark 44M->41M(56M) 0.289ms
[2025-02-19T19:36:36.111+0900][info][gc,cpu      ] GC(31) User=0.00s Sys=0.00s Real=0.00s
[2025-02-19T19:36:36.111+0900][info][gc,marking  ] GC(31) Concurrent Mark 9.653ms
[2025-02-19T19:36:36.111+0900][info][gc,marking  ] GC(31) Concurrent Rebuild Remembered Sets
[2025-02-19T19:36:36.120+0900][info][gc,marking  ] GC(31) Concurrent Rebuild Remembered Sets 8.625ms
[2025-02-19T19:36:36.120+0900][info][gc,start    ] GC(31) Pause Cleanup
[2025-02-19T19:36:36.120+0900][info][gc          ] GC(31) Pause Cleanup 41M->41M(56M) 0.055ms
[2025-02-19T19:36:36.120+0900][info][gc,cpu      ] GC(31) User=0.00s Sys=0.00s Real=0.00s
[2025-02-19T19:36:36.120+0900][info][gc,marking  ] GC(31) Concurrent Cleanup for Next Mark
[2025-02-19T19:36:36.120+0900][info][gc,marking  ] GC(31) Concurrent Cleanup for Next Mark 0.149ms
[2025-02-19T19:36:36.120+0900][info][gc          ] GC(31) Concurrent Mark Cycle 18.945ms
[2025-02-19T19:36:36.327+0900][info][gc,start    ] GC(32) Pause Young (Prepare Mixed) (G1 Evacuation Pause)
[2025-02-19T19:36:36.327+0900][info][gc,task     ] GC(32) Using 2 workers of 9 for evacuation
[2025-02-19T19:36:36.328+0900][info][gc,phases   ] GC(32)   Pre Evacuate Collection Set: 0.0ms
[2025-02-19T19:36:36.328+0900][info][gc,phases   ] GC(32)   Merge Heap Roots: 0.0ms
[2025-02-19T19:36:36.328+0900][info][gc,phases   ] GC(32)   Evacuate Collection Set: 1.2ms
[2025-02-19T19:36:36.328+0900][info][gc,phases   ] GC(32)   Post Evacuate Collection Set: 0.1ms
[2025-02-19T19:36:36.328+0900][info][gc,phases   ] GC(32)   Other: 0.1ms
[2025-02-19T19:36:36.328+0900][info][gc,heap     ] GC(32) Eden regions: 1->0(1)
[2025-02-19T19:36:36.328+0900][info][gc,heap     ] GC(32) Survivor regions: 1->1(1)
[2025-02-19T19:36:36.328+0900][info][gc,heap     ] GC(32) Old regions: 37->38
[2025-02-19T19:36:36.328+0900][info][gc,heap     ] GC(32) Archive regions: 0->0
[2025-02-19T19:36:36.328+0900][info][gc,heap     ] GC(32) Humongous regions: 4->4
[2025-02-19T19:36:36.328+0900][info][gc,metaspace] GC(32) Metaspace: 8085K(8192K)->8085K(8192K) NonClass: 7384K(7424K)->7384K(7424K) Class: 701K(768K)->701K(768K)
[2025-02-19T19:36:36.328+0900][info][gc          ] GC(32) Pause Young (Prepare Mixed) (G1 Evacuation Pause) 42M->42M(56M) 1.562ms
[2025-02-19T19:36:36.328+0900][info][gc,cpu      ] GC(32) User=0.00s Sys=0.00s Real=0.00s
[2025-02-19T19:36:36.539+0900][info][gc,start    ] GC(33) Pause Young (Mixed) (G1 Evacuation Pause)
[2025-02-19T19:36:36.539+0900][info][gc,task     ] GC(33) Using 2 workers of 9 for evacuation
[2025-02-19T19:36:36.541+0900][info][gc,phases   ] GC(33)   Pre Evacuate Collection Set: 0.0ms
[2025-02-19T19:36:36.541+0900][info][gc,phases   ] GC(33)   Merge Heap Roots: 0.0ms
[2025-02-19T19:36:36.541+0900][info][gc,phases   ] GC(33)   Evacuate Collection Set: 1.8ms
[2025-02-19T19:36:36.541+0900][info][gc,phases   ] GC(33)   Post Evacuate Collection Set: 0.1ms
[2025-02-19T19:36:36.541+0900][info][gc,phases   ] GC(33)   Other: 0.1ms
[2025-02-19T19:36:36.541+0900][info][gc,heap     ] GC(33) Eden regions: 1->0(1)
[2025-02-19T19:36:36.541+0900][info][gc,heap     ] GC(33) Survivor regions: 1->1(1)
[2025-02-19T19:36:36.541+0900][info][gc,heap     ] GC(33) Old regions: 38->39
[2025-02-19T19:36:36.541+0900][info][gc,heap     ] GC(33) Archive regions: 0->0
[2025-02-19T19:36:36.541+0900][info][gc,heap     ] GC(33) Humongous regions: 4->4
[2025-02-19T19:36:36.541+0900][info][gc,metaspace] GC(33) Metaspace: 8085K(8192K)->8085K(8192K) NonClass: 7384K(7424K)->7384K(7424K) Class: 701K(768K)->701K(768K)
[2025-02-19T19:36:36.541+0900][info][gc          ] GC(33) Pause Young (Mixed) (G1 Evacuation Pause) 43M->43M(56M) 2.068ms
[2025-02-19T19:36:36.541+0900][info][gc,cpu      ] GC(33) User=0.01s Sys=0.00s Real=0.01s
[2025-02-19T19:36:36.749+0900][info][gc,start    ] GC(34) Pause Young (Concurrent Start) (G1 Evacuation Pause)
[2025-02-19T19:36:36.749+0900][info][gc,task     ] GC(34) Using 2 workers of 9 for evacuation
[2025-02-19T19:36:36.751+0900][info][gc,phases   ] GC(34)   Pre Evacuate Collection Set: 0.0ms
[2025-02-19T19:36:36.751+0900][info][gc,phases   ] GC(34)   Merge Heap Roots: 0.0ms
[2025-02-19T19:36:36.751+0900][info][gc,phases   ] GC(34)   Evacuate Collection Set: 1.3ms
[2025-02-19T19:36:36.751+0900][info][gc,phases   ] GC(34)   Post Evacuate Collection Set: 0.1ms
[2025-02-19T19:36:36.751+0900][info][gc,phases   ] GC(34)   Other: 0.1ms
[2025-02-19T19:36:36.751+0900][info][gc,heap     ] GC(34) Eden regions: 1->0(1)
[2025-02-19T19:36:36.751+0900][info][gc,heap     ] GC(34) Survivor regions: 1->1(1)
[2025-02-19T19:36:36.751+0900][info][gc,heap     ] GC(34) Old regions: 39->40
[2025-02-19T19:36:36.751+0900][info][gc,heap     ] GC(34) Archive regions: 0->0
[2025-02-19T19:36:36.751+0900][info][gc,heap     ] GC(34) Humongous regions: 4->4
[2025-02-19T19:36:36.751+0900][info][gc,metaspace] GC(34) Metaspace: 8085K(8192K)->8085K(8192K) NonClass: 7384K(7424K)->7384K(7424K) Class: 701K(768K)->701K(768K)
[2025-02-19T19:36:36.751+0900][info][gc          ] GC(34) Pause Young (Concurrent Start) (G1 Evacuation Pause) 44M->44M(56M) 1.687ms
[2025-02-19T19:36:36.751+0900][info][gc,cpu      ] GC(34) User=0.00s Sys=0.00s Real=0.01s
[2025-02-19T19:36:36.751+0900][info][gc          ] GC(35) Concurrent Mark Cycle
[2025-02-19T19:36:36.751+0900][info][gc,marking  ] GC(35) Concurrent Clear Claimed Marks
[2025-02-19T19:36:36.751+0900][info][gc,marking  ] GC(35) Concurrent Clear Claimed Marks 0.004ms
[2025-02-19T19:36:36.751+0900][info][gc,marking  ] GC(35) Concurrent Scan Root Regions
[2025-02-19T19:36:36.751+0900][info][gc,marking  ] GC(35) Concurrent Scan Root Regions 0.255ms
[2025-02-19T19:36:36.751+0900][info][gc,marking  ] GC(35) Concurrent Mark
[2025-02-19T19:36:36.751+0900][info][gc,marking  ] GC(35) Concurrent Mark From Roots
[2025-02-19T19:36:36.751+0900][info][gc,task     ] GC(35) Using 2 workers of 2 for marking
[2025-02-19T19:36:36.761+0900][info][gc,marking  ] GC(35) Concurrent Mark From Roots 10.299ms
[2025-02-19T19:36:36.761+0900][info][gc,marking  ] GC(35) Concurrent Preclean
[2025-02-19T19:36:36.761+0900][info][gc,marking  ] GC(35) Concurrent Preclean 0.036ms
[2025-02-19T19:36:36.762+0900][info][gc,start    ] GC(35) Pause Remark
[2025-02-19T19:36:36.762+0900][info][gc          ] GC(35) Pause Remark 44M->44M(56M) 0.769ms
[2025-02-19T19:36:36.762+0900][info][gc,cpu      ] GC(35) User=0.00s Sys=0.00s Real=0.00s
[2025-02-19T19:36:36.762+0900][info][gc,marking  ] GC(35) Concurrent Mark 11.275ms
[2025-02-19T19:36:36.762+0900][info][gc,marking  ] GC(35) Concurrent Rebuild Remembered Sets
[2025-02-19T19:36:36.771+0900][info][gc,marking  ] GC(35) Concurrent Rebuild Remembered Sets 8.958ms
[2025-02-19T19:36:36.771+0900][info][gc,start    ] GC(35) Pause Cleanup
[2025-02-19T19:36:36.771+0900][info][gc          ] GC(35) Pause Cleanup 44M->44M(56M) 0.046ms
[2025-02-19T19:36:36.771+0900][info][gc,cpu      ] GC(35) User=0.00s Sys=0.00s Real=0.00s
[2025-02-19T19:36:36.772+0900][info][gc,marking  ] GC(35) Concurrent Cleanup for Next Mark
[2025-02-19T19:36:36.772+0900][info][gc,marking  ] GC(35) Concurrent Cleanup for Next Mark 0.087ms
[2025-02-19T19:36:36.772+0900][info][gc          ] GC(35) Concurrent Mark Cycle 20.802ms
[2025-02-19T19:36:36.951+0900][info][gc,start    ] GC(36) Pause Young (Prepare Mixed) (G1 Evacuation Pause)
[2025-02-19T19:36:36.951+0900][info][gc,task     ] GC(36) Using 2 workers of 9 for evacuation
[2025-02-19T19:36:36.952+0900][info][gc,phases   ] GC(36)   Pre Evacuate Collection Set: 0.0ms
[2025-02-19T19:36:36.952+0900][info][gc,phases   ] GC(36)   Merge Heap Roots: 0.0ms
[2025-02-19T19:36:36.952+0900][info][gc,phases   ] GC(36)   Evacuate Collection Set: 1.3ms
[2025-02-19T19:36:36.952+0900][info][gc,phases   ] GC(36)   Post Evacuate Collection Set: 0.1ms
[2025-02-19T19:36:36.952+0900][info][gc,phases   ] GC(36)   Other: 0.1ms
[2025-02-19T19:36:36.952+0900][info][gc,heap     ] GC(36) Eden regions: 1->0(1)
[2025-02-19T19:36:36.952+0900][info][gc,heap     ] GC(36) Survivor regions: 1->1(1)
[2025-02-19T19:36:36.952+0900][info][gc,heap     ] GC(36) Old regions: 40->41
[2025-02-19T19:36:36.952+0900][info][gc,heap     ] GC(36) Archive regions: 0->0
[2025-02-19T19:36:36.952+0900][info][gc,heap     ] GC(36) Humongous regions: 4->4
[2025-02-19T19:36:36.952+0900][info][gc,metaspace] GC(36) Metaspace: 8079K(8192K)->8079K(8192K) NonClass: 7380K(7424K)->7380K(7424K) Class: 699K(768K)->699K(768K)
[2025-02-19T19:36:36.952+0900][info][gc          ] GC(36) Pause Young (Prepare Mixed) (G1 Evacuation Pause) 45M->45M(56M) 1.643ms
[2025-02-19T19:36:36.952+0900][info][gc,cpu      ] GC(36) User=0.00s Sys=0.00s Real=0.00s
[2025-02-19T19:36:37.162+0900][info][gc,start    ] GC(37) Pause Young (Mixed) (G1 Evacuation Pause)
[2025-02-19T19:36:37.162+0900][info][gc,task     ] GC(37) Using 2 workers of 9 for evacuation
[2025-02-19T19:36:37.164+0900][info][gc,phases   ] GC(37)   Pre Evacuate Collection Set: 0.0ms
[2025-02-19T19:36:37.164+0900][info][gc,phases   ] GC(37)   Merge Heap Roots: 0.0ms
[2025-02-19T19:36:37.164+0900][info][gc,phases   ] GC(37)   Evacuate Collection Set: 1.7ms
[2025-02-19T19:36:37.164+0900][info][gc,phases   ] GC(37)   Post Evacuate Collection Set: 0.1ms
[2025-02-19T19:36:37.164+0900][info][gc,phases   ] GC(37)   Other: 0.1ms
[2025-02-19T19:36:37.164+0900][info][gc,heap     ] GC(37) Eden regions: 1->0(1)
[2025-02-19T19:36:37.164+0900][info][gc,heap     ] GC(37) Survivor regions: 1->1(1)
[2025-02-19T19:36:37.164+0900][info][gc,heap     ] GC(37) Old regions: 41->41
[2025-02-19T19:36:37.164+0900][info][gc,heap     ] GC(37) Archive regions: 0->0
[2025-02-19T19:36:37.164+0900][info][gc,heap     ] GC(37) Humongous regions: 4->4
[2025-02-19T19:36:37.164+0900][info][gc,metaspace] GC(37) Metaspace: 8079K(8192K)->8079K(8192K) NonClass: 7380K(7424K)->7380K(7424K) Class: 699K(768K)->699K(768K)
[2025-02-19T19:36:37.164+0900][info][gc          ] GC(37) Pause Young (Mixed) (G1 Evacuation Pause) 46M->46M(56M) 1.979ms
[2025-02-19T19:36:37.164+0900][info][gc,cpu      ] GC(37) User=0.01s Sys=0.00s Real=0.00s
[2025-02-19T19:36:37.370+0900][info][gc,start    ] GC(38) Pause Young (Concurrent Start) (G1 Evacuation Pause)
[2025-02-19T19:36:37.371+0900][info][gc,task     ] GC(38) Using 2 workers of 9 for evacuation
[2025-02-19T19:36:37.372+0900][info][gc,phases   ] GC(38)   Pre Evacuate Collection Set: 0.0ms
[2025-02-19T19:36:37.372+0900][info][gc,phases   ] GC(38)   Merge Heap Roots: 0.0ms
[2025-02-19T19:36:37.372+0900][info][gc,phases   ] GC(38)   Evacuate Collection Set: 1.2ms
[2025-02-19T19:36:37.372+0900][info][gc,phases   ] GC(38)   Post Evacuate Collection Set: 0.1ms
[2025-02-19T19:36:37.372+0900][info][gc,phases   ] GC(38)   Other: 0.1ms
[2025-02-19T19:36:37.372+0900][info][gc,heap     ] GC(38) Eden regions: 1->0(1)
[2025-02-19T19:36:37.372+0900][info][gc,heap     ] GC(38) Survivor regions: 1->1(1)
[2025-02-19T19:36:37.372+0900][info][gc,heap     ] GC(38) Old regions: 41->43
[2025-02-19T19:36:37.372+0900][info][gc,heap     ] GC(38) Archive regions: 0->0
[2025-02-19T19:36:37.372+0900][info][gc,heap     ] GC(38) Humongous regions: 4->4
[2025-02-19T19:36:37.372+0900][info][gc,metaspace] GC(38) Metaspace: 8079K(8192K)->8079K(8192K) NonClass: 7380K(7424K)->7380K(7424K) Class: 699K(768K)->699K(768K)
[2025-02-19T19:36:37.372+0900][info][gc          ] GC(38) Pause Young (Concurrent Start) (G1 Evacuation Pause) 47M->47M(56M) 1.560ms
[2025-02-19T19:36:37.372+0900][info][gc,cpu      ] GC(38) User=0.00s Sys=0.00s Real=0.00s
[2025-02-19T19:36:37.372+0900][info][gc          ] GC(39) Concurrent Mark Cycle
[2025-02-19T19:36:37.372+0900][info][gc,marking  ] GC(39) Concurrent Clear Claimed Marks
[2025-02-19T19:36:37.372+0900][info][gc,marking  ] GC(39) Concurrent Clear Claimed Marks 0.004ms
[2025-02-19T19:36:37.372+0900][info][gc,marking  ] GC(39) Concurrent Scan Root Regions
[2025-02-19T19:36:37.372+0900][info][gc,marking  ] GC(39) Concurrent Scan Root Regions 0.258ms
[2025-02-19T19:36:37.372+0900][info][gc,marking  ] GC(39) Concurrent Mark
[2025-02-19T19:36:37.372+0900][info][gc,marking  ] GC(39) Concurrent Mark From Roots
[2025-02-19T19:36:37.372+0900][info][gc,task     ] GC(39) Using 2 workers of 2 for marking
[2025-02-19T19:36:37.384+0900][info][gc,marking  ] GC(39) Concurrent Mark From Roots 11.160ms
[2025-02-19T19:36:37.384+0900][info][gc,marking  ] GC(39) Concurrent Preclean
[2025-02-19T19:36:37.384+0900][info][gc,marking  ] GC(39) Concurrent Preclean 0.024ms
[2025-02-19T19:36:37.384+0900][info][gc,start    ] GC(39) Pause Remark
[2025-02-19T19:36:37.384+0900][info][gc          ] GC(39) Pause Remark 47M->47M(56M) 0.279ms
[2025-02-19T19:36:37.384+0900][info][gc,cpu      ] GC(39) User=0.00s Sys=0.00s Real=0.00s
[2025-02-19T19:36:37.384+0900][info][gc,marking  ] GC(39) Concurrent Mark 11.607ms
[2025-02-19T19:36:37.384+0900][info][gc,marking  ] GC(39) Concurrent Rebuild Remembered Sets
[2025-02-19T19:36:37.394+0900][info][gc,marking  ] GC(39) Concurrent Rebuild Remembered Sets 10.008ms
[2025-02-19T19:36:37.394+0900][info][gc,start    ] GC(39) Pause Cleanup
[2025-02-19T19:36:37.394+0900][info][gc          ] GC(39) Pause Cleanup 47M->47M(56M) 0.048ms
[2025-02-19T19:36:37.394+0900][info][gc,cpu      ] GC(39) User=0.00s Sys=0.00s Real=0.00s
[2025-02-19T19:36:37.394+0900][info][gc,marking  ] GC(39) Concurrent Cleanup for Next Mark
[2025-02-19T19:36:37.394+0900][info][gc,marking  ] GC(39) Concurrent Cleanup for Next Mark 0.058ms
[2025-02-19T19:36:37.394+0900][info][gc          ] GC(39) Concurrent Mark Cycle 22.138ms
[2025-02-19T19:36:37.566+0900][info][gc,start    ] GC(40) Pause Young (Prepare Mixed) (G1 Evacuation Pause)
[2025-02-19T19:36:37.566+0900][info][gc,task     ] GC(40) Using 2 workers of 9 for evacuation
[2025-02-19T19:36:37.568+0900][info][gc,phases   ] GC(40)   Pre Evacuate Collection Set: 0.0ms
[2025-02-19T19:36:37.568+0900][info][gc,phases   ] GC(40)   Merge Heap Roots: 0.0ms
[2025-02-19T19:36:37.568+0900][info][gc,phases   ] GC(40)   Evacuate Collection Set: 1.5ms
[2025-02-19T19:36:37.568+0900][info][gc,phases   ] GC(40)   Post Evacuate Collection Set: 0.1ms
[2025-02-19T19:36:37.568+0900][info][gc,phases   ] GC(40)   Other: 0.1ms
[2025-02-19T19:36:37.568+0900][info][gc,heap     ] GC(40) Eden regions: 1->0(1)
[2025-02-19T19:36:37.568+0900][info][gc,heap     ] GC(40) Survivor regions: 1->1(1)
[2025-02-19T19:36:37.568+0900][info][gc,heap     ] GC(40) Old regions: 43->44
[2025-02-19T19:36:37.568+0900][info][gc,heap     ] GC(40) Archive regions: 0->0
[2025-02-19T19:36:37.568+0900][info][gc,heap     ] GC(40) Humongous regions: 4->4
[2025-02-19T19:36:37.568+0900][info][gc,metaspace] GC(40) Metaspace: 8079K(8192K)->8079K(8192K) NonClass: 7380K(7424K)->7380K(7424K) Class: 699K(768K)->699K(768K)
[2025-02-19T19:36:37.568+0900][info][gc          ] GC(40) Pause Young (Prepare Mixed) (G1 Evacuation Pause) 48M->48M(56M) 1.809ms
[2025-02-19T19:36:37.568+0900][info][gc,cpu      ] GC(40) User=0.01s Sys=0.00s Real=0.00s
[2025-02-19T19:36:37.776+0900][info][gc,start    ] GC(41) Pause Young (Mixed) (G1 Evacuation Pause)
[2025-02-19T19:36:37.776+0900][info][gc,task     ] GC(41) Using 2 workers of 9 for evacuation
[2025-02-19T19:36:37.778+0900][info][gc,phases   ] GC(41)   Pre Evacuate Collection Set: 0.0ms
[2025-02-19T19:36:37.778+0900][info][gc,phases   ] GC(41)   Merge Heap Roots: 0.0ms
[2025-02-19T19:36:37.778+0900][info][gc,phases   ] GC(41)   Evacuate Collection Set: 1.7ms
[2025-02-19T19:36:37.778+0900][info][gc,phases   ] GC(41)   Post Evacuate Collection Set: 0.1ms
[2025-02-19T19:36:37.778+0900][info][gc,phases   ] GC(41)   Other: 0.1ms
[2025-02-19T19:36:37.778+0900][info][gc,heap     ] GC(41) Eden regions: 1->0(1)
[2025-02-19T19:36:37.778+0900][info][gc,heap     ] GC(41) Survivor regions: 1->1(1)
[2025-02-19T19:36:37.778+0900][info][gc,heap     ] GC(41) Old regions: 44->44
[2025-02-19T19:36:37.778+0900][info][gc,heap     ] GC(41) Archive regions: 0->0
[2025-02-19T19:36:37.778+0900][info][gc,heap     ] GC(41) Humongous regions: 4->4
[2025-02-19T19:36:37.778+0900][info][gc,metaspace] GC(41) Metaspace: 8079K(8192K)->8079K(8192K) NonClass: 7380K(7424K)->7380K(7424K) Class: 699K(768K)->699K(768K)
[2025-02-19T19:36:37.778+0900][info][gc          ] GC(41) Pause Young (Mixed) (G1 Evacuation Pause) 49M->48M(56M) 2.006ms
[2025-02-19T19:36:37.778+0900][info][gc,cpu      ] GC(41) User=0.00s Sys=0.00s Real=0.00s
[2025-02-19T19:36:38.010+0900][info][gc,start    ] GC(42) Pause Young (Concurrent Start) (G1 Evacuation Pause)
[2025-02-19T19:36:38.010+0900][info][gc,task     ] GC(42) Using 2 workers of 9 for evacuation
[2025-02-19T19:36:38.011+0900][info][gc,phases   ] GC(42)   Pre Evacuate Collection Set: 0.0ms
[2025-02-19T19:36:38.011+0900][info][gc,phases   ] GC(42)   Merge Heap Roots: 0.0ms
[2025-02-19T19:36:38.011+0900][info][gc,phases   ] GC(42)   Evacuate Collection Set: 1.4ms
[2025-02-19T19:36:38.011+0900][info][gc,phases   ] GC(42)   Post Evacuate Collection Set: 0.1ms
[2025-02-19T19:36:38.011+0900][info][gc,phases   ] GC(42)   Other: 0.1ms
[2025-02-19T19:36:38.011+0900][info][gc,heap     ] GC(42) Eden regions: 1->0(1)
[2025-02-19T19:36:38.011+0900][info][gc,heap     ] GC(42) Survivor regions: 1->1(1)
[2025-02-19T19:36:38.011+0900][info][gc,heap     ] GC(42) Old regions: 44->45
[2025-02-19T19:36:38.011+0900][info][gc,heap     ] GC(42) Archive regions: 0->0
[2025-02-19T19:36:38.011+0900][info][gc,heap     ] GC(42) Humongous regions: 4->4
[2025-02-19T19:36:38.011+0900][info][gc,metaspace] GC(42) Metaspace: 8079K(8192K)->8079K(8192K) NonClass: 7380K(7424K)->7380K(7424K) Class: 699K(768K)->699K(768K)
[2025-02-19T19:36:38.011+0900][info][gc          ] GC(42) Pause Young (Concurrent Start) (G1 Evacuation Pause) 49M->50M(56M) 1.701ms
[2025-02-19T19:36:38.011+0900][info][gc,cpu      ] GC(42) User=0.01s Sys=0.00s Real=0.00s
[2025-02-19T19:36:38.012+0900][info][gc          ] GC(43) Concurrent Mark Cycle
[2025-02-19T19:36:38.012+0900][info][gc,marking  ] GC(43) Concurrent Clear Claimed Marks
[2025-02-19T19:36:38.012+0900][info][gc,marking  ] GC(43) Concurrent Clear Claimed Marks 0.004ms
[2025-02-19T19:36:38.012+0900][info][gc,marking  ] GC(43) Concurrent Scan Root Regions
[2025-02-19T19:36:38.012+0900][info][gc,marking  ] GC(43) Concurrent Scan Root Regions 0.257ms
[2025-02-19T19:36:38.012+0900][info][gc,marking  ] GC(43) Concurrent Mark
[2025-02-19T19:36:38.012+0900][info][gc,marking  ] GC(43) Concurrent Mark From Roots
[2025-02-19T19:36:38.012+0900][info][gc,task     ] GC(43) Using 2 workers of 2 for marking
[2025-02-19T19:36:38.023+0900][info][gc,marking  ] GC(43) Concurrent Mark From Roots 11.467ms
[2025-02-19T19:36:38.023+0900][info][gc,marking  ] GC(43) Concurrent Preclean
[2025-02-19T19:36:38.023+0900][info][gc,marking  ] GC(43) Concurrent Preclean 0.027ms
[2025-02-19T19:36:38.023+0900][info][gc,start    ] GC(43) Pause Remark
[2025-02-19T19:36:38.024+0900][info][gc          ] GC(43) Pause Remark 50M->50M(56M) 0.291ms
[2025-02-19T19:36:38.024+0900][info][gc,cpu      ] GC(43) User=0.00s Sys=0.00s Real=0.00s
[2025-02-19T19:36:38.024+0900][info][gc,marking  ] GC(43) Concurrent Mark 11.884ms
[2025-02-19T19:36:38.024+0900][info][gc,marking  ] GC(43) Concurrent Rebuild Remembered Sets
[2025-02-19T19:36:38.034+0900][info][gc,marking  ] GC(43) Concurrent Rebuild Remembered Sets 10.632ms
[2025-02-19T19:36:38.034+0900][info][gc,start    ] GC(43) Pause Cleanup
[2025-02-19T19:36:38.034+0900][info][gc          ] GC(43) Pause Cleanup 50M->50M(56M) 0.062ms
[2025-02-19T19:36:38.034+0900][info][gc,cpu      ] GC(43) User=0.00s Sys=0.00s Real=0.00s
[2025-02-19T19:36:38.035+0900][info][gc,marking  ] GC(43) Concurrent Cleanup for Next Mark
[2025-02-19T19:36:38.035+0900][info][gc,marking  ] GC(43) Concurrent Cleanup for Next Mark 0.098ms
[2025-02-19T19:36:38.035+0900][info][gc          ] GC(43) Concurrent Mark Cycle 23.131ms
[2025-02-19T19:36:38.216+0900][info][gc,start    ] GC(44) Pause Young (Normal) (G1 Evacuation Pause)
[2025-02-19T19:36:38.216+0900][info][gc,task     ] GC(44) Using 2 workers of 9 for evacuation
[2025-02-19T19:36:38.218+0900][info][gc,phases   ] GC(44)   Pre Evacuate Collection Set: 0.0ms
[2025-02-19T19:36:38.218+0900][info][gc,phases   ] GC(44)   Merge Heap Roots: 0.0ms
[2025-02-19T19:36:38.218+0900][info][gc,phases   ] GC(44)   Evacuate Collection Set: 1.6ms
[2025-02-19T19:36:38.218+0900][info][gc,phases   ] GC(44)   Post Evacuate Collection Set: 0.1ms
[2025-02-19T19:36:38.218+0900][info][gc,phases   ] GC(44)   Other: 0.1ms
[2025-02-19T19:36:38.218+0900][info][gc,heap     ] GC(44) Eden regions: 1->0(1)
[2025-02-19T19:36:38.218+0900][info][gc,heap     ] GC(44) Survivor regions: 1->1(1)
[2025-02-19T19:36:38.218+0900][info][gc,heap     ] GC(44) Old regions: 45->46
[2025-02-19T19:36:38.218+0900][info][gc,heap     ] GC(44) Archive regions: 0->0
[2025-02-19T19:36:38.218+0900][info][gc,heap     ] GC(44) Humongous regions: 4->4
[2025-02-19T19:36:38.218+0900][info][gc,metaspace] GC(44) Metaspace: 8079K(8192K)->8079K(8192K) NonClass: 7380K(7424K)->7380K(7424K) Class: 699K(768K)->699K(768K)
[2025-02-19T19:36:38.218+0900][info][gc          ] GC(44) Pause Young (Normal) (G1 Evacuation Pause) 51M->51M(56M) 1.866ms
[2025-02-19T19:36:38.218+0900][info][gc,cpu      ] GC(44) User=0.00s Sys=0.00s Real=0.00s
[2025-02-19T19:36:38.425+0900][info][gc,start    ] GC(45) Pause Young (Concurrent Start) (G1 Preventive Collection)
[2025-02-19T19:36:38.425+0900][info][gc,task     ] GC(45) Using 2 workers of 9 for evacuation
[2025-02-19T19:36:38.427+0900][info][gc,phases   ] GC(45)   Pre Evacuate Collection Set: 0.0ms
[2025-02-19T19:36:38.427+0900][info][gc,phases   ] GC(45)   Merge Heap Roots: 0.0ms
[2025-02-19T19:36:38.427+0900][info][gc,phases   ] GC(45)   Evacuate Collection Set: 1.3ms
[2025-02-19T19:36:38.427+0900][info][gc,phases   ] GC(45)   Post Evacuate Collection Set: 0.1ms
[2025-02-19T19:36:38.427+0900][info][gc,phases   ] GC(45)   Other: 0.1ms
[2025-02-19T19:36:38.427+0900][info][gc,heap     ] GC(45) Eden regions: 1->0(1)
[2025-02-19T19:36:38.427+0900][info][gc,heap     ] GC(45) Survivor regions: 1->1(1)
[2025-02-19T19:36:38.427+0900][info][gc,heap     ] GC(45) Old regions: 46->47
[2025-02-19T19:36:38.427+0900][info][gc,heap     ] GC(45) Archive regions: 0->0
[2025-02-19T19:36:38.427+0900][info][gc,heap     ] GC(45) Humongous regions: 4->4
[2025-02-19T19:36:38.427+0900][info][gc,metaspace] GC(45) Metaspace: 8079K(8192K)->8079K(8192K) NonClass: 7380K(7424K)->7380K(7424K) Class: 699K(768K)->699K(768K)
[2025-02-19T19:36:38.427+0900][info][gc          ] GC(45) Pause Young (Concurrent Start) (G1 Preventive Collection) 52M->51M(56M) 1.709ms
[2025-02-19T19:36:38.427+0900][info][gc,cpu      ] GC(45) User=0.00s Sys=0.00s Real=0.00s
[2025-02-19T19:36:38.427+0900][info][gc          ] GC(46) Concurrent Mark Cycle
[2025-02-19T19:36:38.427+0900][info][gc,marking  ] GC(46) Concurrent Clear Claimed Marks
[2025-02-19T19:36:38.427+0900][info][gc,marking  ] GC(46) Concurrent Clear Claimed Marks 0.004ms
[2025-02-19T19:36:38.427+0900][info][gc,marking  ] GC(46) Concurrent Scan Root Regions
[2025-02-19T19:36:38.427+0900][info][gc,marking  ] GC(46) Concurrent Scan Root Regions 0.267ms
[2025-02-19T19:36:38.427+0900][info][gc,marking  ] GC(46) Concurrent Mark
[2025-02-19T19:36:38.427+0900][info][gc,marking  ] GC(46) Concurrent Mark From Roots
[2025-02-19T19:36:38.427+0900][info][gc,task     ] GC(46) Using 2 workers of 2 for marking
[2025-02-19T19:36:38.439+0900][info][gc,marking  ] GC(46) Concurrent Mark From Roots 11.969ms
[2025-02-19T19:36:38.439+0900][info][gc,marking  ] GC(46) Concurrent Preclean
[2025-02-19T19:36:38.439+0900][info][gc,marking  ] GC(46) Concurrent Preclean 0.031ms
[2025-02-19T19:36:38.439+0900][info][gc,start    ] GC(46) Pause Remark
[2025-02-19T19:36:38.440+0900][info][gc          ] GC(46) Pause Remark 52M->52M(56M) 0.344ms
[2025-02-19T19:36:38.440+0900][info][gc,cpu      ] GC(46) User=0.00s Sys=0.00s Real=0.01s
[2025-02-19T19:36:38.440+0900][info][gc,marking  ] GC(46) Concurrent Mark 12.462ms
[2025-02-19T19:36:38.440+0900][info][gc,marking  ] GC(46) Concurrent Rebuild Remembered Sets
[2025-02-19T19:36:38.450+0900][info][gc,marking  ] GC(46) Concurrent Rebuild Remembered Sets 10.594ms
[2025-02-19T19:36:38.450+0900][info][gc,start    ] GC(46) Pause Cleanup
[2025-02-19T19:36:38.450+0900][info][gc          ] GC(46) Pause Cleanup 52M->52M(56M) 0.062ms
[2025-02-19T19:36:38.450+0900][info][gc,cpu      ] GC(46) User=0.00s Sys=0.00s Real=0.00s
[2025-02-19T19:36:38.450+0900][info][gc,marking  ] GC(46) Concurrent Cleanup for Next Mark
[2025-02-19T19:36:38.451+0900][info][gc,marking  ] GC(46) Concurrent Cleanup for Next Mark 0.062ms
[2025-02-19T19:36:38.451+0900][info][gc          ] GC(46) Concurrent Mark Cycle 23.602ms
[2025-02-19T19:36:38.462+0900][info][gc,start    ] GC(47) Pause Young (Concurrent Start) (G1 Humongous Allocation)
[2025-02-19T19:36:38.462+0900][info][gc,task     ] GC(47) Using 2 workers of 9 for evacuation
[2025-02-19T19:36:38.463+0900][info][gc,phases   ] GC(47)   Pre Evacuate Collection Set: 0.0ms
[2025-02-19T19:36:38.463+0900][info][gc,phases   ] GC(47)   Merge Heap Roots: 0.0ms
[2025-02-19T19:36:38.463+0900][info][gc,phases   ] GC(47)   Evacuate Collection Set: 0.9ms
[2025-02-19T19:36:38.463+0900][info][gc,phases   ] GC(47)   Post Evacuate Collection Set: 0.1ms
[2025-02-19T19:36:38.463+0900][info][gc,phases   ] GC(47)   Other: 0.1ms
[2025-02-19T19:36:38.463+0900][info][gc,heap     ] GC(47) Eden regions: 1->0(1)
[2025-02-19T19:36:38.463+0900][info][gc,heap     ] GC(47) Survivor regions: 1->1(1)
[2025-02-19T19:36:38.463+0900][info][gc,heap     ] GC(47) Old regions: 47->48
[2025-02-19T19:36:38.463+0900][info][gc,heap     ] GC(47) Archive regions: 0->0
[2025-02-19T19:36:38.463+0900][info][gc,heap     ] GC(47) Humongous regions: 4->4
[2025-02-19T19:36:38.463+0900][info][gc,metaspace] GC(47) Metaspace: 8079K(8192K)->8079K(8192K) NonClass: 7380K(7424K)->7380K(7424K) Class: 699K(768K)->699K(768K)
[2025-02-19T19:36:38.463+0900][info][gc          ] GC(47) Pause Young (Concurrent Start) (G1 Humongous Allocation) 52M->52M(56M) 1.227ms
[2025-02-19T19:36:38.463+0900][info][gc,cpu      ] GC(47) User=0.01s Sys=0.00s Real=0.00s
[2025-02-19T19:36:38.463+0900][info][gc          ] GC(48) Concurrent Mark Cycle
[2025-02-19T19:36:38.463+0900][info][gc,marking  ] GC(48) Concurrent Clear Claimed Marks
[2025-02-19T19:36:38.463+0900][info][gc,marking  ] GC(48) Concurrent Clear Claimed Marks 0.005ms
[2025-02-19T19:36:38.463+0900][info][gc,marking  ] GC(48) Concurrent Scan Root Regions
[2025-02-19T19:36:38.463+0900][info][gc,marking  ] GC(48) Concurrent Scan Root Regions 0.267ms
[2025-02-19T19:36:38.463+0900][info][gc,marking  ] GC(48) Concurrent Mark
[2025-02-19T19:36:38.463+0900][info][gc,marking  ] GC(48) Concurrent Mark From Roots
[2025-02-19T19:36:38.463+0900][info][gc,task     ] GC(48) Using 2 workers of 2 for marking
[2025-02-19T19:36:38.463+0900][info][gc,start    ] GC(49) Pause Young (Normal) (G1 Humongous Allocation)
[2025-02-19T19:36:38.463+0900][info][gc,task     ] GC(49) Using 2 workers of 9 for evacuation
[2025-02-19T19:36:38.464+0900][info][gc,phases   ] GC(49)   Pre Evacuate Collection Set: 0.3ms
[2025-02-19T19:36:38.464+0900][info][gc,phases   ] GC(49)   Merge Heap Roots: 0.0ms
[2025-02-19T19:36:38.464+0900][info][gc,phases   ] GC(49)   Evacuate Collection Set: 0.4ms
[2025-02-19T19:36:38.464+0900][info][gc,phases   ] GC(49)   Post Evacuate Collection Set: 0.1ms
[2025-02-19T19:36:38.464+0900][info][gc,phases   ] GC(49)   Other: 0.0ms
[2025-02-19T19:36:38.464+0900][info][gc,heap     ] GC(49) Eden regions: 0->0(1)
[2025-02-19T19:36:38.464+0900][info][gc,heap     ] GC(49) Survivor regions: 1->1(1)
[2025-02-19T19:36:38.464+0900][info][gc,heap     ] GC(49) Old regions: 48->48
[2025-02-19T19:36:38.464+0900][info][gc,heap     ] GC(49) Archive regions: 0->0
[2025-02-19T19:36:38.464+0900][info][gc,heap     ] GC(49) Humongous regions: 4->4
[2025-02-19T19:36:38.464+0900][info][gc,metaspace] GC(49) Metaspace: 8079K(8192K)->8079K(8192K) NonClass: 7380K(7424K)->7380K(7424K) Class: 699K(768K)->699K(768K)
[2025-02-19T19:36:38.464+0900][info][gc          ] GC(49) Pause Young (Normal) (G1 Humongous Allocation) 52M->52M(56M) 0.615ms
[2025-02-19T19:36:38.464+0900][info][gc,cpu      ] GC(49) User=0.00s Sys=0.00s Real=0.00s
[2025-02-19T19:36:38.464+0900][info][gc,ergo     ] Attempting full compaction
[2025-02-19T19:36:38.464+0900][info][gc,task     ] GC(50) Using 2 workers of 9 for full compaction
[2025-02-19T19:36:38.464+0900][info][gc,start    ] GC(50) Pause Full (G1 Compaction Pause)
[2025-02-19T19:36:38.464+0900][info][gc,phases,start] GC(50) Phase 1: Mark live objects
[2025-02-19T19:36:38.479+0900][info][gc,phases      ] GC(50) Phase 1: Mark live objects 15.143ms
[2025-02-19T19:36:38.479+0900][info][gc,phases,start] GC(50) Phase 2: Prepare for compaction
[2025-02-19T19:36:38.482+0900][info][gc,phases      ] GC(50) Phase 2: Prepare for compaction 3.310ms
[2025-02-19T19:36:38.482+0900][info][gc,phases,start] GC(50) Phase 3: Adjust pointers
[2025-02-19T19:36:38.488+0900][info][gc,phases      ] GC(50) Phase 3: Adjust pointers 6.010ms
[2025-02-19T19:36:38.489+0900][info][gc,phases,start] GC(50) Phase 4: Compact heap
[2025-02-19T19:36:38.492+0900][info][gc,phases      ] GC(50) Phase 4: Compact heap 3.044ms
[2025-02-19T19:36:38.492+0900][info][gc,heap        ] GC(50) Eden regions: 0->0(2)
[2025-02-19T19:36:38.492+0900][info][gc,heap        ] GC(50) Survivor regions: 1->0(1)
[2025-02-19T19:36:38.492+0900][info][gc,heap        ] GC(50) Old regions: 48->45
[2025-02-19T19:36:38.492+0900][info][gc,heap        ] GC(50) Archive regions: 0->0
[2025-02-19T19:36:38.492+0900][info][gc,heap        ] GC(50) Humongous regions: 4->4
[2025-02-19T19:36:38.492+0900][info][gc,metaspace   ] GC(50) Metaspace: 8079K(8192K)->8079K(8192K) NonClass: 7380K(7424K)->7380K(7424K) Class: 699K(768K)->699K(768K)
[2025-02-19T19:36:38.492+0900][info][gc             ] GC(50) Pause Full (G1 Compaction Pause) 52M->48M(56M) 27.952ms
[2025-02-19T19:36:38.492+0900][info][gc,cpu         ] GC(50) User=0.05s Sys=0.00s Real=0.03s
[2025-02-19T19:36:38.492+0900][info][gc,marking     ] GC(48) Concurrent Mark From Roots 28.709ms
[2025-02-19T19:36:38.492+0900][info][gc,marking     ] GC(48) Concurrent Mark Abort
[2025-02-19T19:36:38.492+0900][info][gc             ] GC(48) Concurrent Mark Cycle 29.039ms
[2025-02-19T19:36:38.712+0900][info][gc,start       ] GC(51) Pause Young (Normal) (G1 Preventive Collection)
[2025-02-19T19:36:38.712+0900][info][gc,task        ] GC(51) Using 2 workers of 9 for evacuation
[2025-02-19T19:36:38.714+0900][info][gc,phases      ] GC(51)   Pre Evacuate Collection Set: 0.0ms
[2025-02-19T19:36:38.714+0900][info][gc,phases      ] GC(51)   Merge Heap Roots: 0.0ms
[2025-02-19T19:36:38.714+0900][info][gc,phases      ] GC(51)   Evacuate Collection Set: 1.2ms
[2025-02-19T19:36:38.714+0900][info][gc,phases      ] GC(51)   Post Evacuate Collection Set: 0.1ms
[2025-02-19T19:36:38.714+0900][info][gc,phases      ] GC(51)   Other: 0.1ms
[2025-02-19T19:36:38.714+0900][info][gc,heap        ] GC(51) Eden regions: 1->0(1)
[2025-02-19T19:36:38.714+0900][info][gc,heap        ] GC(51) Survivor regions: 0->1(1)
[2025-02-19T19:36:38.714+0900][info][gc,heap        ] GC(51) Old regions: 45->45
[2025-02-19T19:36:38.714+0900][info][gc,heap        ] GC(51) Archive regions: 0->0
[2025-02-19T19:36:38.714+0900][info][gc,heap        ] GC(51) Humongous regions: 9->9
[2025-02-19T19:36:38.714+0900][info][gc,metaspace   ] GC(51) Metaspace: 8079K(8192K)->8079K(8192K) NonClass: 7380K(7424K)->7380K(7424K) Class: 699K(768K)->699K(768K)
[2025-02-19T19:36:38.714+0900][info][gc             ] GC(51) Pause Young (Normal) (G1 Preventive Collection) 54M->54M(56M) 1.460ms
[2025-02-19T19:36:38.714+0900][info][gc,cpu         ] GC(51) User=0.01s Sys=0.00s Real=0.00s
[2025-02-19T19:36:38.922+0900][info][gc,start       ] GC(52) Pause Young (Concurrent Start) (G1 Evacuation Pause)
[2025-02-19T19:36:38.922+0900][info][gc,task        ] GC(52) Using 2 workers of 9 for evacuation
[2025-02-19T19:36:38.933+0900][info][gc             ] GC(52) To-space exhausted
[2025-02-19T19:36:38.933+0900][info][gc,phases      ] GC(52)   Pre Evacuate Collection Set: 0.1ms
[2025-02-19T19:36:38.933+0900][info][gc,phases      ] GC(52)   Merge Heap Roots: 0.0ms
[2025-02-19T19:36:38.933+0900][info][gc,phases      ] GC(52)   Evacuate Collection Set: 10.3ms
[2025-02-19T19:36:38.933+0900][info][gc,phases      ] GC(52)   Post Evacuate Collection Set: 0.7ms
[2025-02-19T19:36:38.933+0900][info][gc,phases      ] GC(52)   Other: 0.2ms
[2025-02-19T19:36:38.933+0900][info][gc,heap        ] GC(52) Eden regions: 1->0(2)
[2025-02-19T19:36:38.933+0900][info][gc,heap        ] GC(52) Survivor regions: 1->0(0)
[2025-02-19T19:36:38.933+0900][info][gc,heap        ] GC(52) Old regions: 45->47
[2025-02-19T19:36:38.933+0900][info][gc,heap        ] GC(52) Archive regions: 0->0
[2025-02-19T19:36:38.933+0900][info][gc,heap        ] GC(52) Humongous regions: 9->9
[2025-02-19T19:36:38.933+0900][info][gc,metaspace   ] GC(52) Metaspace: 8079K(8192K)->8079K(8192K) NonClass: 7380K(7424K)->7380K(7424K) Class: 699K(768K)->699K(768K)
[2025-02-19T19:36:38.933+0900][info][gc             ] GC(52) Pause Young (Concurrent Start) (G1 Evacuation Pause) 55M->55M(56M) 11.304ms
[2025-02-19T19:36:38.933+0900][info][gc,cpu         ] GC(52) User=0.00s Sys=0.00s Real=0.01s
[2025-02-19T19:36:38.933+0900][info][gc,ergo        ] Attempting full compaction
[2025-02-19T19:36:38.933+0900][info][gc,task        ] GC(53) Using 2 workers of 9 for full compaction
[2025-02-19T19:36:38.933+0900][info][gc,start       ] GC(53) Pause Full (G1 Compaction Pause)
[2025-02-19T19:36:38.933+0900][info][gc             ] GC(54) Concurrent Mark Cycle
[2025-02-19T19:36:38.933+0900][info][gc,marking     ] GC(54) Concurrent Clear Claimed Marks
[2025-02-19T19:36:38.933+0900][info][gc,marking     ] GC(54) Concurrent Clear Claimed Marks 0.006ms
[2025-02-19T19:36:38.933+0900][info][gc,marking     ] GC(54) Concurrent Scan Root Regions
[2025-02-19T19:36:38.933+0900][info][gc,marking     ] GC(54) Concurrent Scan Root Regions 0.003ms
[2025-02-19T19:36:38.933+0900][info][gc,marking     ] GC(54) Concurrent Mark
[2025-02-19T19:36:38.933+0900][info][gc,marking     ] GC(54) Concurrent Mark From Roots
[2025-02-19T19:36:38.933+0900][info][gc,task        ] GC(54) Using 2 workers of 2 for marking
[2025-02-19T19:36:38.933+0900][info][gc,phases,start] GC(53) Phase 1: Mark live objects
[2025-02-19T19:36:38.949+0900][info][gc,phases      ] GC(53) Phase 1: Mark live objects 16.002ms
[2025-02-19T19:36:38.949+0900][info][gc,phases,start] GC(53) Phase 2: Prepare for compaction
[2025-02-19T19:36:38.950+0900][info][gc,phases      ] GC(53) Phase 2: Prepare for compaction 0.432ms
[2025-02-19T19:36:38.950+0900][info][gc,phases,start] GC(53) Phase 3: Adjust pointers
[2025-02-19T19:36:38.955+0900][info][gc,phases      ] GC(53) Phase 3: Adjust pointers 5.644ms
[2025-02-19T19:36:38.955+0900][info][gc,phases,start] GC(53) Phase 4: Compact heap
[2025-02-19T19:36:38.956+0900][info][gc,phases      ] GC(53) Phase 4: Compact heap 0.431ms
[2025-02-19T19:36:38.956+0900][info][gc,heap        ] GC(53) Eden regions: 0->0(2)
[2025-02-19T19:36:38.956+0900][info][gc,heap        ] GC(53) Survivor regions: 0->0(0)
[2025-02-19T19:36:38.956+0900][info][gc,heap        ] GC(53) Old regions: 47->47
[2025-02-19T19:36:38.956+0900][info][gc,heap        ] GC(53) Archive regions: 0->0
[2025-02-19T19:36:38.956+0900][info][gc,heap        ] GC(53) Humongous regions: 9->5
[2025-02-19T19:36:38.956+0900][info][gc,metaspace   ] GC(53) Metaspace: 8079K(8192K)->8079K(8192K) NonClass: 7380K(7424K)->7380K(7424K) Class: 699K(768K)->699K(768K)
[2025-02-19T19:36:38.956+0900][info][gc             ] GC(53) Pause Full (G1 Compaction Pause) 55M->51M(56M) 22.859ms
[2025-02-19T19:36:38.956+0900][info][gc,cpu         ] GC(53) User=0.05s Sys=0.00s Real=0.02s
[2025-02-19T19:36:38.956+0900][info][gc,marking     ] GC(54) Concurrent Mark From Roots 22.922ms
[2025-02-19T19:36:38.956+0900][info][gc,marking     ] GC(54) Concurrent Mark Abort
[2025-02-19T19:36:38.956+0900][info][gc             ] GC(54) Concurrent Mark Cycle 22.967ms
[2025-02-19T19:36:39.399+0900][info][gc,start       ] GC(55) Pause Young (Normal) (G1 Preventive Collection)
[2025-02-19T19:36:39.399+0900][info][gc,task        ] GC(55) Using 2 workers of 9 for evacuation
[2025-02-19T19:36:39.404+0900][info][gc,phases      ] GC(55)   Pre Evacuate Collection Set: 0.0ms
[2025-02-19T19:36:39.404+0900][info][gc,phases      ] GC(55)   Merge Heap Roots: 0.0ms
[2025-02-19T19:36:39.404+0900][info][gc,phases      ] GC(55)   Evacuate Collection Set: 5.0ms
[2025-02-19T19:36:39.404+0900][info][gc,phases      ] GC(55)   Post Evacuate Collection Set: 0.1ms
[2025-02-19T19:36:39.404+0900][info][gc,phases      ] GC(55)   Other: 0.1ms
[2025-02-19T19:36:39.404+0900][info][gc,heap        ] GC(55) Eden regions: 2->0(1)
[2025-02-19T19:36:39.404+0900][info][gc,heap        ] GC(55) Survivor regions: 0->1(1)
[2025-02-19T19:36:39.404+0900][info][gc,heap        ] GC(55) Old regions: 47->48
[2025-02-19T19:36:39.404+0900][info][gc,heap        ] GC(55) Archive regions: 0->0
[2025-02-19T19:36:39.404+0900][info][gc,heap        ] GC(55) Humongous regions: 5->5
[2025-02-19T19:36:39.404+0900][info][gc,metaspace   ] GC(55) Metaspace: 8079K(8192K)->8079K(8192K) NonClass: 7380K(7424K)->7380K(7424K) Class: 699K(768K)->699K(768K)
[2025-02-19T19:36:39.404+0900][info][gc             ] GC(55) Pause Young (Normal) (G1 Preventive Collection) 53M->53M(56M) 5.218ms
[2025-02-19T19:36:39.404+0900][info][gc,cpu         ] GC(55) User=0.01s Sys=0.00s Real=0.01s
[2025-02-19T19:36:39.631+0900][info][gc,start       ] GC(56) Pause Young (Concurrent Start) (G1 Preventive Collection)
[2025-02-19T19:36:39.631+0900][info][gc,task        ] GC(56) Using 2 workers of 9 for evacuation
[2025-02-19T19:36:39.633+0900][info][gc             ] GC(56) To-space exhausted
[2025-02-19T19:36:39.633+0900][info][gc,phases      ] GC(56)   Pre Evacuate Collection Set: 0.0ms
[2025-02-19T19:36:39.633+0900][info][gc,phases      ] GC(56)   Merge Heap Roots: 0.0ms
[2025-02-19T19:36:39.633+0900][info][gc,phases      ] GC(56)   Evacuate Collection Set: 1.2ms
[2025-02-19T19:36:39.633+0900][info][gc,phases      ] GC(56)   Post Evacuate Collection Set: 0.7ms
[2025-02-19T19:36:39.633+0900][info][gc,phases      ] GC(56)   Other: 0.1ms
[2025-02-19T19:36:39.633+0900][info][gc,heap        ] GC(56) Eden regions: 1->0(2)
[2025-02-19T19:36:39.633+0900][info][gc,heap        ] GC(56) Survivor regions: 1->0(1)
[2025-02-19T19:36:39.633+0900][info][gc,heap        ] GC(56) Old regions: 48->51
[2025-02-19T19:36:39.633+0900][info][gc,heap        ] GC(56) Archive regions: 0->0
[2025-02-19T19:36:39.633+0900][info][gc,heap        ] GC(56) Humongous regions: 5->5
[2025-02-19T19:36:39.633+0900][info][gc,metaspace   ] GC(56) Metaspace: 8079K(8192K)->8079K(8192K) NonClass: 7380K(7424K)->7380K(7424K) Class: 699K(768K)->699K(768K)
[2025-02-19T19:36:39.633+0900][info][gc             ] GC(56) Pause Young (Concurrent Start) (G1 Preventive Collection) 54M->55M(56M) 2.170ms
[2025-02-19T19:36:39.633+0900][info][gc,cpu         ] GC(56) User=0.00s Sys=0.00s Real=0.00s
[2025-02-19T19:36:39.633+0900][info][gc,ergo        ] Attempting full compaction
[2025-02-19T19:36:39.634+0900][info][gc             ] GC(58) Concurrent Mark Cycle
[2025-02-19T19:36:39.634+0900][info][gc,task        ] GC(57) Using 2 workers of 9 for full compaction
[2025-02-19T19:36:39.634+0900][info][gc,marking     ] GC(58) Concurrent Clear Claimed Marks
[2025-02-19T19:36:39.634+0900][info][gc,start       ] GC(57) Pause Full (G1 Compaction Pause)
[2025-02-19T19:36:39.634+0900][info][gc,marking     ] GC(58) Concurrent Clear Claimed Marks 0.038ms
[2025-02-19T19:36:39.634+0900][info][gc,marking     ] GC(58) Concurrent Scan Root Regions
[2025-02-19T19:36:39.634+0900][info][gc,marking     ] GC(58) Concurrent Scan Root Regions 0.052ms
[2025-02-19T19:36:39.634+0900][info][gc,marking     ] GC(58) Concurrent Mark
[2025-02-19T19:36:39.634+0900][info][gc,marking     ] GC(58) Concurrent Mark From Roots
[2025-02-19T19:36:39.634+0900][info][gc,task        ] GC(58) Using 2 workers of 2 for marking
[2025-02-19T19:36:39.634+0900][info][gc,phases,start] GC(57) Phase 1: Mark live objects
[2025-02-19T19:36:39.650+0900][info][gc,phases      ] GC(57) Phase 1: Mark live objects 16.752ms
[2025-02-19T19:36:39.651+0900][info][gc,phases,start] GC(57) Phase 2: Prepare for compaction
[2025-02-19T19:36:39.651+0900][info][gc,phases      ] GC(57) Phase 2: Prepare for compaction 0.423ms
[2025-02-19T19:36:39.651+0900][info][gc,phases,start] GC(57) Phase 3: Adjust pointers
[2025-02-19T19:36:39.657+0900][info][gc,phases      ] GC(57) Phase 3: Adjust pointers 6.133ms
[2025-02-19T19:36:39.657+0900][info][gc,phases,start] GC(57) Phase 4: Compact heap
[2025-02-19T19:36:39.658+0900][info][gc,phases      ] GC(57) Phase 4: Compact heap 0.467ms
[2025-02-19T19:36:39.658+0900][info][gc,heap        ] GC(57) Eden regions: 0->0(2)
[2025-02-19T19:36:39.658+0900][info][gc,heap        ] GC(57) Survivor regions: 0->0(1)
[2025-02-19T19:36:39.658+0900][info][gc,heap        ] GC(57) Old regions: 51->50
[2025-02-19T19:36:39.658+0900][info][gc,heap        ] GC(57) Archive regions: 0->0
[2025-02-19T19:36:39.658+0900][info][gc,heap        ] GC(57) Humongous regions: 5->5
[2025-02-19T19:36:39.658+0900][info][gc,metaspace   ] GC(57) Metaspace: 8079K(8192K)->8079K(8192K) NonClass: 7380K(7424K)->7380K(7424K) Class: 699K(768K)->699K(768K)
[2025-02-19T19:36:39.658+0900][info][gc             ] GC(57) Pause Full (G1 Compaction Pause) 55M->54M(56M) 24.392ms
[2025-02-19T19:36:39.658+0900][info][gc,cpu         ] GC(57) User=0.05s Sys=0.00s Real=0.02s
[2025-02-19T19:36:39.658+0900][info][gc,marking     ] GC(58) Concurrent Mark From Roots 24.424ms
[2025-02-19T19:36:39.658+0900][info][gc,marking     ] GC(58) Concurrent Mark Abort
[2025-02-19T19:36:39.658+0900][info][gc             ] GC(58) Concurrent Mark Cycle 24.594ms
[2025-02-19T19:36:39.870+0900][info][gc,start       ] GC(59) Pause Young (Normal) (G1 Evacuation Pause)
[2025-02-19T19:36:39.870+0900][info][gc,task        ] GC(59) Using 2 workers of 9 for evacuation
[2025-02-19T19:36:39.871+0900][info][gc             ] GC(59) To-space exhausted
[2025-02-19T19:36:39.871+0900][info][gc,phases      ] GC(59)   Pre Evacuate Collection Set: 0.0ms
[2025-02-19T19:36:39.871+0900][info][gc,phases      ] GC(59)   Merge Heap Roots: 0.0ms
[2025-02-19T19:36:39.871+0900][info][gc,phases      ] GC(59)   Evacuate Collection Set: 0.7ms
[2025-02-19T19:36:39.871+0900][info][gc,phases      ] GC(59)   Post Evacuate Collection Set: 0.6ms
[2025-02-19T19:36:39.871+0900][info][gc,phases      ] GC(59)   Other: 0.1ms
[2025-02-19T19:36:39.871+0900][info][gc,heap        ] GC(59) Eden regions: 1->0(2)
[2025-02-19T19:36:39.871+0900][info][gc,heap        ] GC(59) Survivor regions: 0->0(0)
[2025-02-19T19:36:39.871+0900][info][gc,heap        ] GC(59) Old regions: 50->51
[2025-02-19T19:36:39.871+0900][info][gc,heap        ] GC(59) Archive regions: 0->0
[2025-02-19T19:36:39.871+0900][info][gc,heap        ] GC(59) Humongous regions: 5->5
[2025-02-19T19:36:39.871+0900][info][gc,metaspace   ] GC(59) Metaspace: 8079K(8192K)->8079K(8192K) NonClass: 7380K(7424K)->7380K(7424K) Class: 699K(768K)->699K(768K)
[2025-02-19T19:36:39.871+0900][info][gc             ] GC(59) Pause Young (Normal) (G1 Evacuation Pause) 55M->55M(56M) 1.501ms
[2025-02-19T19:36:39.871+0900][info][gc,cpu         ] GC(59) User=0.00s Sys=0.00s Real=0.00s
[2025-02-19T19:36:39.871+0900][info][gc,ergo        ] Attempting full compaction
[2025-02-19T19:36:39.871+0900][info][gc,task        ] GC(60) Using 2 workers of 9 for full compaction
[2025-02-19T19:36:39.871+0900][info][gc,start       ] GC(60) Pause Full (G1 Compaction Pause)
[2025-02-19T19:36:39.871+0900][info][gc,phases,start] GC(60) Phase 1: Mark live objects
[2025-02-19T19:36:39.888+0900][info][gc,phases      ] GC(60) Phase 1: Mark live objects 17.006ms
[2025-02-19T19:36:39.888+0900][info][gc,phases,start] GC(60) Phase 2: Prepare for compaction
[2025-02-19T19:36:39.889+0900][info][gc,phases      ] GC(60) Phase 2: Prepare for compaction 0.416ms
[2025-02-19T19:36:39.889+0900][info][gc,phases,start] GC(60) Phase 3: Adjust pointers
[2025-02-19T19:36:39.895+0900][info][gc,phases      ] GC(60) Phase 3: Adjust pointers 6.611ms
[2025-02-19T19:36:39.895+0900][info][gc,phases,start] GC(60) Phase 4: Compact heap
[2025-02-19T19:36:39.896+0900][info][gc,phases      ] GC(60) Phase 4: Compact heap 0.320ms
[2025-02-19T19:36:39.896+0900][info][gc,heap        ] GC(60) Eden regions: 0->0(2)
[2025-02-19T19:36:39.896+0900][info][gc,heap        ] GC(60) Survivor regions: 0->0(0)
[2025-02-19T19:36:39.896+0900][info][gc,heap        ] GC(60) Old regions: 51->51
[2025-02-19T19:36:39.896+0900][info][gc,heap        ] GC(60) Archive regions: 0->0
[2025-02-19T19:36:39.896+0900][info][gc,heap        ] GC(60) Humongous regions: 5->5
[2025-02-19T19:36:39.896+0900][info][gc,metaspace   ] GC(60) Metaspace: 8079K(8192K)->8079K(8192K) NonClass: 7380K(7424K)->7380K(7424K) Class: 699K(768K)->699K(768K)
[2025-02-19T19:36:39.896+0900][info][gc             ] GC(60) Pause Full (G1 Compaction Pause) 55M->55M(56M) 24.711ms
[2025-02-19T19:36:39.896+0900][info][gc,cpu         ] GC(60) User=0.05s Sys=0.00s Real=0.02s
[2025-02-19T19:36:39.896+0900][info][gc,ergo        ] Attempting maximum full compaction clearing soft references
[2025-02-19T19:36:39.896+0900][info][gc,task        ] GC(61) Using 2 workers of 9 for full compaction
[2025-02-19T19:36:39.896+0900][info][gc,start       ] GC(61) Pause Full (G1 Compaction Pause)
[2025-02-19T19:36:39.896+0900][info][gc,phases,start] GC(61) Phase 1: Mark live objects
[2025-02-19T19:36:39.913+0900][info][gc,phases      ] GC(61) Phase 1: Mark live objects 16.998ms
[2025-02-19T19:36:39.913+0900][info][gc,phases,start] GC(61) Phase 2: Prepare for compaction
[2025-02-19T19:36:39.920+0900][info][gc,phases      ] GC(61) Phase 2: Prepare for compaction 7.055ms
[2025-02-19T19:36:39.920+0900][info][gc,phases,start] GC(61) Phase 3: Adjust pointers
[2025-02-19T19:36:39.928+0900][info][gc,phases      ] GC(61) Phase 3: Adjust pointers 7.357ms
[2025-02-19T19:36:39.928+0900][info][gc,phases,start] GC(61) Phase 4: Compact heap
[2025-02-19T19:36:39.934+0900][info][gc,phases      ] GC(61) Phase 4: Compact heap 6.411ms
[2025-02-19T19:36:39.934+0900][info][gc,heap        ] GC(61) Eden regions: 0->0(2)
[2025-02-19T19:36:39.934+0900][info][gc,heap        ] GC(61) Survivor regions: 0->0(0)
[2025-02-19T19:36:39.934+0900][info][gc,heap        ] GC(61) Old regions: 51->51
[2025-02-19T19:36:39.934+0900][info][gc,heap        ] GC(61) Archive regions: 0->0
[2025-02-19T19:36:39.934+0900][info][gc,heap        ] GC(61) Humongous regions: 5->5
[2025-02-19T19:36:39.934+0900][info][gc,metaspace   ] GC(61) Metaspace: 8079K(8192K)->8079K(8192K) NonClass: 7380K(7424K)->7380K(7424K) Class: 699K(768K)->699K(768K)
[2025-02-19T19:36:39.934+0900][info][gc             ] GC(61) Pause Full (G1 Compaction Pause) 55M->55M(56M) 38.242ms
[2025-02-19T19:36:39.934+0900][info][gc,cpu         ] GC(61) User=0.07s Sys=0.00s Real=0.04s
[2025-02-19T19:36:39.934+0900][info][gc,start       ] GC(62) Pause Young (Concurrent Start) (G1 Evacuation Pause)
[2025-02-19T19:36:39.934+0900][info][gc,task        ] GC(62) Using 2 workers of 9 for evacuation
[2025-02-19T19:36:39.935+0900][info][gc,phases      ] GC(62)   Pre Evacuate Collection Set: 0.0ms
[2025-02-19T19:36:39.935+0900][info][gc,phases      ] GC(62)   Merge Heap Roots: 0.0ms
[2025-02-19T19:36:39.935+0900][info][gc,phases      ] GC(62)   Evacuate Collection Set: 0.1ms
[2025-02-19T19:36:39.935+0900][info][gc,phases      ] GC(62)   Post Evacuate Collection Set: 0.2ms
[2025-02-19T19:36:39.935+0900][info][gc,phases      ] GC(62)   Other: 0.0ms
[2025-02-19T19:36:39.935+0900][info][gc,heap        ] GC(62) Eden regions: 0->0(2)
[2025-02-19T19:36:39.935+0900][info][gc,heap        ] GC(62) Survivor regions: 0->0(0)
[2025-02-19T19:36:39.935+0900][info][gc,heap        ] GC(62) Old regions: 51->51
[2025-02-19T19:36:39.935+0900][info][gc,heap        ] GC(62) Archive regions: 0->0
[2025-02-19T19:36:39.935+0900][info][gc,heap        ] GC(62) Humongous regions: 5->5
[2025-02-19T19:36:39.935+0900][info][gc,metaspace   ] GC(62) Metaspace: 8079K(8192K)->8079K(8192K) NonClass: 7380K(7424K)->7380K(7424K) Class: 699K(768K)->699K(768K)
[2025-02-19T19:36:39.935+0900][info][gc             ] GC(62) Pause Young (Concurrent Start) (G1 Evacuation Pause) 55M->55M(56M) 0.349ms
[2025-02-19T19:36:39.935+0900][info][gc,cpu         ] GC(62) User=0.00s Sys=0.00s Real=0.00s
[2025-02-19T19:36:39.935+0900][info][gc,ergo        ] Attempting full compaction
[2025-02-19T19:36:39.935+0900][info][gc             ] GC(63) Concurrent Mark Cycle
[2025-02-19T19:36:39.935+0900][info][gc,task        ] GC(64) Using 2 workers of 9 for full compaction
[2025-02-19T19:36:39.935+0900][info][gc,marking     ] GC(63) Concurrent Clear Claimed Marks
[2025-02-19T19:36:39.935+0900][info][gc,start       ] GC(64) Pause Full (G1 Compaction Pause)
[2025-02-19T19:36:39.935+0900][info][gc,marking     ] GC(63) Concurrent Clear Claimed Marks 0.024ms
[2025-02-19T19:36:39.935+0900][info][gc,marking     ] GC(63) Concurrent Scan Root Regions
[2025-02-19T19:36:39.935+0900][info][gc,marking     ] GC(63) Concurrent Scan Root Regions 0.004ms
[2025-02-19T19:36:39.935+0900][info][gc,marking     ] GC(63) Concurrent Mark
[2025-02-19T19:36:39.935+0900][info][gc,marking     ] GC(63) Concurrent Mark From Roots
[2025-02-19T19:36:39.935+0900][info][gc,task        ] GC(63) Using 2 workers of 2 for marking
[2025-02-19T19:36:39.935+0900][info][gc,phases,start] GC(64) Phase 1: Mark live objects
[2025-02-19T19:36:39.952+0900][info][gc,phases      ] GC(64) Phase 1: Mark live objects 17.465ms
[2025-02-19T19:36:39.952+0900][info][gc,phases,start] GC(64) Phase 2: Prepare for compaction
[2025-02-19T19:36:39.952+0900][info][gc,phases      ] GC(64) Phase 2: Prepare for compaction 0.064ms
[2025-02-19T19:36:39.953+0900][info][gc,phases,start] GC(64) Phase 3: Adjust pointers
[2025-02-19T19:36:39.959+0900][info][gc,phases      ] GC(64) Phase 3: Adjust pointers 6.519ms
[2025-02-19T19:36:39.959+0900][info][gc,phases,start] GC(64) Phase 4: Compact heap
[2025-02-19T19:36:39.959+0900][info][gc,phases      ] GC(64) Phase 4: Compact heap 0.081ms
[2025-02-19T19:36:39.959+0900][info][gc,heap        ] GC(64) Eden regions: 0->0(2)
[2025-02-19T19:36:39.959+0900][info][gc,heap        ] GC(64) Survivor regions: 0->0(0)
[2025-02-19T19:36:39.959+0900][info][gc,heap        ] GC(64) Old regions: 51->51
[2025-02-19T19:36:39.959+0900][info][gc,heap        ] GC(64) Archive regions: 0->0
[2025-02-19T19:36:39.959+0900][info][gc,heap        ] GC(64) Humongous regions: 5->5
[2025-02-19T19:36:39.959+0900][info][gc,metaspace   ] GC(64) Metaspace: 8079K(8192K)->8079K(8192K) NonClass: 7380K(7424K)->7380K(7424K) Class: 699K(768K)->699K(768K)
[2025-02-19T19:36:39.959+0900][info][gc             ] GC(64) Pause Full (G1 Compaction Pause) 55M->55M(56M) 24.614ms
[2025-02-19T19:36:39.960+0900][info][gc,cpu         ] GC(64) User=0.05s Sys=0.01s Real=0.03s
[2025-02-19T19:36:39.960+0900][info][gc,ergo        ] Attempting maximum full compaction clearing soft references
[2025-02-19T19:36:39.960+0900][info][gc,task        ] GC(65) Using 2 workers of 9 for full compaction
[2025-02-19T19:36:39.960+0900][info][gc,start       ] GC(65) Pause Full (G1 Compaction Pause)
[2025-02-19T19:36:39.960+0900][info][gc,phases,start] GC(65) Phase 1: Mark live objects
[2025-02-19T19:36:39.976+0900][info][gc,phases      ] GC(65) Phase 1: Mark live objects 16.683ms
[2025-02-19T19:36:39.976+0900][info][gc,phases,start] GC(65) Phase 2: Prepare for compaction
[2025-02-19T19:36:39.983+0900][info][gc,phases      ] GC(65) Phase 2: Prepare for compaction 6.546ms
[2025-02-19T19:36:39.983+0900][info][gc,phases,start] GC(65) Phase 3: Adjust pointers
[2025-02-19T19:36:39.989+0900][info][gc,phases      ] GC(65) Phase 3: Adjust pointers 6.477ms
[2025-02-19T19:36:39.989+0900][info][gc,phases,start] GC(65) Phase 4: Compact heap
[2025-02-19T19:36:39.995+0900][info][gc,phases      ] GC(65) Phase 4: Compact heap 5.778ms
[2025-02-19T19:36:39.995+0900][info][gc,heap        ] GC(65) Eden regions: 0->0(2)
[2025-02-19T19:36:39.995+0900][info][gc,heap        ] GC(65) Survivor regions: 0->0(0)
[2025-02-19T19:36:39.995+0900][info][gc,heap        ] GC(65) Old regions: 51->51
[2025-02-19T19:36:39.995+0900][info][gc,heap        ] GC(65) Archive regions: 0->0
[2025-02-19T19:36:39.995+0900][info][gc,heap        ] GC(65) Humongous regions: 5->5
[2025-02-19T19:36:39.995+0900][info][gc,metaspace   ] GC(65) Metaspace: 8079K(8192K)->8079K(8192K) NonClass: 7380K(7424K)->7380K(7424K) Class: 699K(768K)->699K(768K)
[2025-02-19T19:36:39.995+0900][info][gc             ] GC(65) Pause Full (G1 Compaction Pause) 55M->55M(56M) 35.852ms
[2025-02-19T19:36:39.995+0900][info][gc,cpu         ] GC(65) User=0.07s Sys=0.00s Real=0.03s
[2025-02-19T19:36:39.996+0900][info][gc,marking     ] GC(63) Concurrent Mark From Roots 60.612ms
[2025-02-19T19:36:39.996+0900][info][gc,marking     ] GC(63) Concurrent Mark Abort
[2025-02-19T19:36:39.996+0900][info][gc             ] GC(63) Concurrent Mark Cycle 60.717ms
[2025-02-19T19:36:40.172+0900][info][gc,start       ] GC(66) Pause Young (Normal) (G1 Evacuation Pause)
[2025-02-19T19:36:40.172+0900][info][gc,task        ] GC(66) Using 2 workers of 9 for evacuation
[2025-02-19T19:36:40.172+0900][info][gc,phases      ] GC(66)   Pre Evacuate Collection Set: 0.0ms
[2025-02-19T19:36:40.172+0900][info][gc,phases      ] GC(66)   Merge Heap Roots: 0.0ms
[2025-02-19T19:36:40.172+0900][info][gc,phases      ] GC(66)   Evacuate Collection Set: 0.0ms
[2025-02-19T19:36:40.172+0900][info][gc,phases      ] GC(66)   Post Evacuate Collection Set: 0.1ms
[2025-02-19T19:36:40.172+0900][info][gc,phases      ] GC(66)   Other: 0.1ms
[2025-02-19T19:36:40.172+0900][info][gc,heap        ] GC(66) Eden regions: 0->0(2)
[2025-02-19T19:36:40.172+0900][info][gc,heap        ] GC(66) Survivor regions: 0->0(0)
[2025-02-19T19:36:40.172+0900][info][gc,heap        ] GC(66) Old regions: 51->51
[2025-02-19T19:36:40.172+0900][info][gc,heap        ] GC(66) Archive regions: 0->0
[2025-02-19T19:36:40.172+0900][info][gc,heap        ] GC(66) Humongous regions: 5->5
[2025-02-19T19:36:40.172+0900][info][gc,metaspace   ] GC(66) Metaspace: 8079K(8192K)->8079K(8192K) NonClass: 7380K(7424K)->7380K(7424K) Class: 699K(768K)->699K(768K)
[2025-02-19T19:36:40.172+0900][info][gc             ] GC(66) Pause Young (Normal) (G1 Evacuation Pause) 55M->55M(56M) 0.240ms
[2025-02-19T19:36:40.172+0900][info][gc,cpu         ] GC(66) User=0.00s Sys=0.00s Real=0.00s
[2025-02-19T19:36:40.172+0900][info][gc,ergo        ] Attempting full compaction
[2025-02-19T19:36:40.172+0900][info][gc,task        ] GC(67) Using 2 workers of 9 for full compaction
[2025-02-19T19:36:40.172+0900][info][gc,start       ] GC(67) Pause Full (G1 Compaction Pause)
[2025-02-19T19:36:40.172+0900][info][gc,phases,start] GC(67) Phase 1: Mark live objects
[2025-02-19T19:36:40.173+0900][info][gc,phases      ] GC(67) Phase 1: Mark live objects 0.617ms
[2025-02-19T19:36:40.173+0900][info][gc,phases,start] GC(67) Phase 2: Prepare for compaction
[2025-02-19T19:36:40.173+0900][info][gc,phases      ] GC(67) Phase 2: Prepare for compaction 0.145ms
[2025-02-19T19:36:40.173+0900][info][gc,phases,start] GC(67) Phase 3: Adjust pointers
[2025-02-19T19:36:40.173+0900][info][gc,phases      ] GC(67) Phase 3: Adjust pointers 0.380ms
[2025-02-19T19:36:40.173+0900][info][gc,phases,start] GC(67) Phase 4: Compact heap
[2025-02-19T19:36:40.173+0900][info][gc,phases      ] GC(67) Phase 4: Compact heap 0.159ms
[2025-02-19T19:36:40.174+0900][info][gc,heap        ] GC(67) Eden regions: 0->0(4)
[2025-02-19T19:36:40.174+0900][info][gc,heap        ] GC(67) Survivor regions: 0->0(0)
[2025-02-19T19:36:40.174+0900][info][gc,heap        ] GC(67) Old regions: 51->2
[2025-02-19T19:36:40.174+0900][info][gc,heap        ] GC(67) Archive regions: 0->0
[2025-02-19T19:36:40.174+0900][info][gc,heap        ] GC(67) Humongous regions: 5->0
[2025-02-19T19:36:40.174+0900][info][gc,metaspace   ] GC(67) Metaspace: 8079K(8192K)->8079K(8192K) NonClass: 7380K(7424K)->7380K(7424K) Class: 699K(768K)->699K(768K)
[2025-02-19T19:36:40.174+0900][info][gc             ] GC(67) Pause Full (G1 Compaction Pause) 55M->1M(16M) 1.537ms
[2025-02-19T19:36:40.174+0900][info][gc,cpu         ] GC(67) User=0.01s Sys=0.00s Real=0.00s
[2025-02-19T19:36:40.174+0900][info][gc,heap,exit   ] Heap
[2025-02-19T19:36:40.174+0900][info][gc,heap,exit   ]  garbage-first heap   total 16384K, used 1261K [0x00000007fc800000, 0x0000000800000000)
[2025-02-19T19:36:40.174+0900][info][gc,heap,exit   ]   region size 1024K, 1 young (1024K), 0 survivors (0K)
[2025-02-19T19:36:40.174+0900][info][gc,heap,exit   ]  Metaspace       used 8096K, committed 8256K, reserved 1114112K
[2025-02-19T19:36:40.174+0900][info][gc,heap,exit   ]   class space    used 703K, committed 768K, reserved 1048576K
